Component: ARM Compiler 5.06 update 6 (build 750) Tool: armlink [4d35ed]

==============================================================================

Section Cross References

    system_stm32l1xx.o(i.SystemCoreClockUpdate) refers to system_stm32l1xx.o(.data) for SystemCoreClock
    system_stm32l1xx.o(i.SystemCoreClockUpdate) refers to system_stm32l1xx.o(.constdata) for PLLMulTable
    startup_stm32l152xb.o(STACK) refers (Special) to heapauxi.o(.text) for __use_two_region_memory
    startup_stm32l152xb.o(HEAP) refers (Special) to heapauxi.o(.text) for __use_two_region_memory
    startup_stm32l152xb.o(RESET) refers (Special) to heapauxi.o(.text) for __use_two_region_memory
    startup_stm32l152xb.o(RESET) refers to startup_stm32l152xb.o(STACK) for __initial_sp
    startup_stm32l152xb.o(RESET) refers to startup_stm32l152xb.o(.text) for Reset_Handler
    startup_stm32l152xb.o(RESET) refers to hal_cm3.o(.emb_text) for SVC_Handler
    startup_stm32l152xb.o(.text) refers (Special) to heapauxi.o(.text) for __use_two_region_memory
    startup_stm32l152xb.o(.text) refers to system_stm32l1xx.o(i.SystemInit) for SystemInit
    startup_stm32l152xb.o(.text) refers to __main.o(!!!main) for __main
    startup_stm32l152xb.o(.text) refers to startup_stm32l152xb.o(HEAP) for Heap_Mem
    startup_stm32l152xb.o(.text) refers to startup_stm32l152xb.o(STACK) for Stack_Mem
    main.o(i.Call_distance) refers to main.o(i.LL_GPIO_SetOutputPin) for LL_GPIO_SetOutputPin
    main.o(i.Call_distance) refers to stm32l1xx_ll_utils.o(i.LL_mDelay) for LL_mDelay
    main.o(i.Call_distance) refers to main.o(i.LL_GPIO_ResetOutputPin) for LL_GPIO_ResetOutputPin
    main.o(i.Call_distance) refers to main.o(i.LL_GPIO_IsInputPinSet) for LL_GPIO_IsInputPinSet
    main.o(i.Call_distance) refers to dflt_clz.o(x$fpl$dfltu) for __aeabi_ui2d
    main.o(i.Call_distance) refers to dmul.o(x$fpl$dmul) for __aeabi_dmul
    main.o(i.Call_distance) refers to ddiv.o(x$fpl$ddiv) for __aeabi_ddiv
    main.o(i.Call_distance) refers to d2f.o(x$fpl$d2f) for __aeabi_d2f
    main.o(i.Call_distance) refers to fmul.o(x$fpl$fmul) for __aeabi_fmul
    main.o(i.Call_distance) refers to fdiv.o(x$fpl$fdiv) for __aeabi_fdiv
    main.o(i.Call_distance) refers to main.o(.data) for done
    main.o(i.Call_distance) refers to system_stm32l1xx.o(.data) for SystemCoreClock
    main.o(i.GPIO_Config) refers to main.o(i.LL_AHB1_GRP1_EnableClock) for LL_AHB1_GRP1_EnableClock
    main.o(i.GPIO_Config) refers to stm32l1xx_ll_gpio.o(i.LL_GPIO_Init) for LL_GPIO_Init
    main.o(i.GPIO_Config) refers to main.o(i.LL_GPIO_ResetOutputPin) for LL_GPIO_ResetOutputPin
    main.o(i.Pass_mode) refers to main.o(i.LL_GPIO_SetOutputPin) for LL_GPIO_SetOutputPin
    main.o(i.Pass_mode) refers to main.o(i.countTime) for countTime
    main.o(i.Pass_mode) refers to main.o(i.LL_GPIO_ResetOutputPin) for LL_GPIO_ResetOutputPin
    main.o(i.Pass_mode) refers to stm32l1xx_ll_utils.o(i.LL_mDelay) for LL_mDelay
    main.o(i.Stop_mode) refers to main.o(i.LL_GPIO_ResetOutputPin) for LL_GPIO_ResetOutputPin
    main.o(i.SystemClock_Config) refers to main.o(i.LL_APB1_GRP1_EnableClock) for LL_APB1_GRP1_EnableClock
    main.o(i.SystemClock_Config) refers to main.o(i.LL_RCC_HSI_IsReady) for LL_RCC_HSI_IsReady
    main.o(i.SystemClock_Config) refers to stm32l1xx_ll_utils.o(i.LL_Init1msTick) for LL_Init1msTick
    main.o(i.SystemClock_Config) refers to stm32l1xx_ll_utils.o(i.LL_SetSystemCoreClock) for LL_SetSystemCoreClock
    main.o(i.TIMBase_Config) refers to main.o(i.LL_APB1_GRP1_EnableClock) for LL_APB1_GRP1_EnableClock
    main.o(i.countBuzzer) refers to stm32l1xx_ll_utils.o(i.LL_mDelay) for LL_mDelay
    main.o(i.countBuzzer) refers to main.o(i.LL_GPIO_SetOutputPin) for LL_GPIO_SetOutputPin
    main.o(i.countBuzzer) refers to main.o(i.LL_GPIO_ResetOutputPin) for LL_GPIO_ResetOutputPin
    main.o(i.countTime) refers to stm32l1xx_ll_utils.o(i.LL_mDelay) for LL_mDelay
    main.o(i.countTime) refers to main.o(i.LL_GPIO_SetOutputPin) for LL_GPIO_SetOutputPin
    main.o(i.countTime) refers to main.o(i.LL_GPIO_ResetOutputPin) for LL_GPIO_ResetOutputPin
    main.o(i.main) refers to main.o(i.SystemClock_Config) for SystemClock_Config
    main.o(i.main) refers to main.o(i.GPIO_Config) for GPIO_Config
    main.o(i.main) refers to main.o(i.TIMBase_Config) for TIMBase_Config
    main.o(i.main) refers to main.o(i.Call_distance) for Call_distance
    main.o(i.main) refers to main.o(i.LL_GPIO_IsInputPinSet) for LL_GPIO_IsInputPinSet
    main.o(i.main) refers to main.o(i.countBuzzer) for countBuzzer
    main.o(i.main) refers to f2d.o(x$fpl$f2d) for __aeabi_f2d
    main.o(i.main) refers to drleqf.o(x$fpl$drleqf) for __aeabi_cdrcmple
    main.o(i.main) refers to main.o(i.Stop_mode) for Stop_mode
    main.o(i.main) refers to main.o(i.Pass_mode) for Pass_mode
    main.o(i.main) refers to main.o(.data) for distance
[...]
    libinit.o(.ARM.Collect$$libinit$$00000000) refers (Special) to libinit2.o(.ARM.Collect$$libinit$$00000019) for __rt_lib_init_lc_time_1
    libinit.o(.ARM.Collect$$libinit$$00000000) refers (Special) to libinit2.o(.ARM.Collect$$libinit$$00000004) for __rt_lib_init_preinit_1
    libinit.o(.ARM.Collect$$libinit$$00000000) refers (Special) to libinit2.o(.ARM.Collect$$libinit$$0000000E) for __rt_lib_init_rand_1
    libinit.o(.ARM.Collect$$libinit$$00000000) refers (Special) to libinit2.o(.ARM.Collect$$libinit$$00000033) for __rt_lib_init_return
    libinit.o(.ARM.Collect$$libinit$$00000000) refers (Special) to libinit2.o(.ARM.Collect$$libinit$$0000001D) for __rt_lib_init_signal_1
    libinit.o(.ARM.Collect$$libinit$$00000000) refers (Special) to libinit2.o(.ARM.Collect$$libinit$$00000025) for __rt_lib_init_stdio_1
    libinit.o(.ARM.Collect$$libinit$$00000000) refers (Special) to libinit2.o(.ARM.Collect$$libinit$$0000000C) for __rt_lib_init_user_alloc_1
    rtexit.o(.ARM.Collect$$rtexit$$00000000) refers (Special) to rtexit2.o(.ARM.Collect$$rtexit$$00000004) for __rt_exit_exit
    rtexit.o(.ARM.Collect$$rtexit$$00000000) refers (Special) to rtexit2.o(.ARM.Collect$$rtexit$$00000003) for __rt_exit_ls
    rtexit.o(.ARM.Collect$$rtexit$$00000000) refers (Special) to rtexit2.o(.ARM.Collect$$rtexit$$00000002) for __rt_exit_prels_1
    rtexit.o(.ARM.exidx) refers (Special) to rtexit2.o(.ARM.Collect$$rtexit$$00000004) for __rt_exit_exit
    rtexit.o(.ARM.exidx) refers (Special) to rtexit2.o(.ARM.Collect$$rtexit$$00000003) for __rt_exit_ls
    rtexit.o(.ARM.exidx) refers (Special) to rtexit2.o(.ARM.Collect$$rtexit$$00000002) for __rt_exit_prels_1
    rtexit.o(.ARM.exidx) refers to rtexit.o(.ARM.Collect$$rtexit$$00000000) for .ARM.Collect$$rtexit$$00000000
    libinit2.o(.ARM.Collect$$libinit$$00000010) refers to libinit2.o(.ARM.Collect$$libinit$$0000000F) for .ARM.Collect$$libinit$$0000000F
    libinit2.o(.ARM.Collect$$libinit$$00000012) refers to libinit2.o(.ARM.Collect$$libinit$$0000000F) for .ARM.Collect$$libinit$$0000000F
    libinit2.o(.ARM.Collect$$libinit$$00000014) refers to libinit2.o(.ARM.Collect$$libinit$$0000000F) for .ARM.Collect$$libinit$$0000000F
    libinit2.o(.ARM.Collect$$libinit$$00000016) refers to libinit2.o(.ARM.Collect$$libinit$$0000000F) for .ARM.Collect$$libinit$$0000000F
    libinit2.o(.ARM.Collect$$libinit$$00000018) refers to libinit2.o(.ARM.Collect$$libinit$$0000000F) for .ARM.Collect$$libinit$$0000000F
    libinit2.o(.ARM.Collect$$libinit$$00000026) refers to argv_veneer.o(.emb_text) for __ARM_argv_veneer
    libinit2.o(.ARM.Collect$$libinit$$00000027) refers to argv_veneer.o(.emb_text) for __ARM_argv_veneer
    rtexit2.o(.ARM.Collect$$rtexit$$00000003) refers to libshutdown.o(.ARM.Collect$$libshutdown$$00000000) for __rt_lib_shutdown
    rtexit2.o(.ARM.Collect$$rtexit$$00000004) refers to sys_exit.o(.text) for _sys_exit
    rtexit2.o(.ARM.exidx) refers to rtexit2.o(.ARM.Collect$$rtexit$$00000001) for .ARM.Collect$$rtexit$$00000001
    rtexit2.o(.ARM.exidx) refers to rtexit2.o(.ARM.Collect$$rtexit$$00000003) for .ARM.Collect$$rtexit$$00000003
    rtexit2.o(.ARM.exidx) refers to rtexit2.o(.ARM.Collect$$rtexit$$00000004) for .ARM.Collect$$rtexit$$00000004
    argv_veneer.o(.emb_text) refers to no_argv.o(.text) for __ARM_get_argv
    sys_exit.o(.text) refers (Special) to use_no_semi.o(.text) for __I$use$semihosting
    sys_exit.o(.text) refers (Special) to indicate_semi.o(.text) for __semihosting_library_function
    _get_argv_nomalloc.o(.text) refers (Special) to hrguard.o(.text) for __heap_region$guard
    _get_argv_nomalloc.o(.text) refers to defsig_rtmem_outer.o(.text) for __rt_SIGRTMEM
    _get_argv_nomalloc.o(.text) refers to sys_command.o(.text) for _sys_command_string
    libshutdown.o(.ARM.Collect$$libshutdown$$00000000) refers (Special) to libshutdown2.o(.ARM.Collect$$libshutdown$$00000002) for __rt_lib_shutdown_cpp_1
    libshutdown.o(.ARM.Collect$$libshutdown$$00000000) refers (Special) to libshutdown2.o(.ARM.Collect$$libshutdown$$00000007) for __rt_lib_shutdown_fp_trap_1
    libshutdown.o(.ARM.Collect$$libshutdown$$00000000) refers (Special) to libshutdown2.o(.ARM.Collect$$libshutdown$$0000000F) for __rt_lib_shutdown_heap_1
    libshutdown.o(.ARM.Collect$$libshutdown$$00000000) refers (Special) to libshutdown2.o(.ARM.Collect$$libshutdown$$00000010) for __rt_lib_shutdown_return
    libshutdown.o(.ARM.Collect$$libshutdown$$00000000) refers (Special) to libshutdown2.o(.ARM.Collect$$libshutdown$$0000000A) for __rt_lib_shutdown_signal_1
    libshutdown.o(.ARM.Collect$$libshutdown$$00000000) refers (Special) to libshutdown2.o(.ARM.Collect$$libshutdown$$00000004) for __rt_lib_shutdown_stdio_1
    libshutdown.o(.ARM.Collect$$libshutdown$$00000000) refers (Special) to libshutdown2.o(.ARM.Collect$$libshutdown$$0000000C) for __rt_lib_shutdown_user_alloc_1
    sys_command.o(.text) refers (Special) to use_no_semi.o(.text) for __I$use$semihosting
    sys_command.o(.text) refers (Special) to indicate_semi.o(.text) for __semihosting_library_function
    defsig_rtmem_outer.o(.text) refers to defsig_rtmem_inner.o(.text) for __rt_SIGRTMEM_inner
    defsig_rtmem_outer.o(.text) refers to defsig_exit.o(.text) for __sig_exit
    defsig_rtmem_formal.o(.text) refers to rt_raise.o(.text) for __rt_raise
    rt_raise.o(.text) refers to __raise.o(.text) for __raise
    rt_raise.o(.text) refers to sys_exit.o(.text) for _sys_exit
    defsig_exit.o(.text) refers to sys_exit.o(.text) for _sys_exit
    defsig_rtmem_inner.o(.text) refers to defsig_general.o(.text) for __default_signal_display
    __raise.o(.text) refers to defsig.o(CL$$defsig) for __default_signal_handler
    defsig_general.o(.text) refers to sys_wrch.o(.text) for _ttywrch
    sys_wrch.o(.text) refers (Special) to use_no_semi.o(.text) for __I$use$semihosting
    sys_wrch.o(.text) refers (Special) to indicate_semi.o(.text) for __semihosting_library_function
    defsig.o(CL$$defsig) refers to defsig_rtmem_inner.o(.text) for __rt_SIGRTMEM_inner
    defsig_abrt_inner.o(.text) refers to defsig_general.o(.text) for __default_signal_display
    defsig_fpe_inner.o(.text) refers to defsig_general.o(.text) for __default_signal_display
    defsig_rtred_inner.o(.text) refers to defsig_general.o(.text) for __default_signal_display
    defsig_stak_inner.o(.text) refers to defsig_general.o(.text) for __default_signal_display
    defsig_pvfn_inner.o(.text) refers to defsig_general.o(.text) for __default_signal_display
    defsig_cppl_inner.o(.text) refers to defsig_general.o(.text) for __default_signal_display
    defsig_segv_inner.o(.text) refers to defsig_general.o(.text) for __default_signal_display
    defsig_other.o(.text) refers to defsig_general.o(.text) for __default_signal_display


==============================================================================

Removing Unused input sections from the image.

    Removing system_stm32l1xx.o(.rev16_text), (4 bytes).
    Removing system_stm32l1xx.o(.revsh_text), (4 bytes).
    Removing system_stm32l1xx.o(.rrx_text), (6 bytes).
    Removing system_stm32l1xx.o(i.SystemCoreClockUpdate), (220 bytes).
    Removing system_stm32l1xx.o(.constdata), (33 bytes).
    Removing main.o(.rev16_text), (4 bytes).
    Removing main.o(.revsh_text), (4 bytes).
    Removing main.o(.rrx_text), (6 bytes).
    Removing main.o(.constdata), (28 bytes).
    Removing stm32l1xx_ll_lcd.o(.rev16_text), (4 bytes).
    Removing stm32l1xx_ll_lcd.o(.revsh_text), (4 bytes).
    Removing stm32l1xx_ll_lcd.o(.rrx_text), (6 bytes).
    Removing stm32l1xx_ll_lcd.o(i.LCD_WaitForSynchro), (24 bytes).
    Removing stm32l1xx_ll_lcd.o(i.LL_LCD_Clear), (52 bytes).
    Removing stm32l1xx_ll_lcd.o(i.LL_LCD_DeInit), (44 bytes).
    Removing stm32l1xx_ll_lcd.o(i.LL_LCD_Init), (180 bytes).
    Removing stm32l1xx_ll_lcd.o(i.LL_LCD_MspDeInit), (2 bytes).
    Removing stm32l1xx_ll_lcd.o(i.LL_LCD_MspInit), (2 bytes).
    Removing stm32l1xx_ll_lcd.o(i.LL_LCD_UpdateDisplayRequest), (44 bytes).
    Removing stm32l1xx_ll_lcd.o(i.LL_LCD_Write), (48 bytes).
    Removing stm32l152_glass_lcd.o(.rev16_text), (4 bytes).
    Removing stm32l152_glass_lcd.o(.revsh_text), (4 bytes).
    Removing stm32l152_glass_lcd.o(.rrx_text), (6 bytes).
    Removing stm32l152_glass_lcd.o(i.Convert), (208 bytes).
    Removing stm32l152_glass_lcd.o(i.LCD_GLASS_BarLevelConfig), (200 bytes).
    Removing stm32l152_glass_lcd.o(i.LCD_GLASS_BlinkConfig), (40 bytes).
    Removing stm32l152_glass_lcd.o(i.LCD_GLASS_Clear), (8 bytes).
    Removing stm32l152_glass_lcd.o(i.LCD_GLASS_ClearBar), (108 bytes).
    Removing stm32l152_glass_lcd.o(i.LCD_GLASS_Contrast), (32 bytes).
    Removing stm32l152_glass_lcd.o(i.LCD_GLASS_DisplayBar), (108 bytes).
    Removing stm32l152_glass_lcd.o(i.LCD_GLASS_DisplayChar), (1480 bytes).
    Removing stm32l152_glass_lcd.o(i.LCD_GLASS_DisplayStrDeci), (112 bytes).
    Removing stm32l152_glass_lcd.o(i.LCD_GLASS_DisplayString), (58 bytes).
    Removing stm32l152_glass_lcd.o(i.LCD_GLASS_Init), (76 bytes).
    Removing stm32l152_glass_lcd.o(i.LCD_GLASS_ScrollSentence), (208 bytes).
    Removing stm32l152_glass_lcd.o(i.LCD_GLASS_WriteChar), (28 bytes).
    Removing stm32l152_glass_lcd.o(i.LCD_MspInit), (248 bytes).
    Removing stm32l152_glass_lcd.o(i.LL_AHB1_GRP1_EnableClock), (28 bytes).
    Removing stm32l152_glass_lcd.o(i.LL_APB1_GRP1_EnableClock), (28 bytes).
    Removing stm32l152_glass_lcd.o(i.LL_RCC_LSE_IsReady), (16 bytes).
    Removing stm32l152_glass_lcd.o(.bss), (64 bytes).
    Removing stm32l152_glass_lcd.o(.constdata), (72 bytes).
    Removing stm32l152_glass_lcd.o(.data), (2 bytes).
    Removing stm32l1xx_ll_pwr.o(.rev16_text), (4 bytes).
    Removing stm32l1xx_ll_pwr.o(.revsh_text), (4 bytes).
    Removing stm32l1xx_ll_pwr.o(.rrx_text), (6 bytes).
    Removing stm32l1xx_ll_pwr.o(i.LL_PWR_DeInit), (36 bytes).
    Removing stm32l1xx_ll_rcc.o(.rev16_text), (4 bytes).
    Removing stm32l1xx_ll_rcc.o(.revsh_text), (4 bytes).
    Removing stm32l1xx_ll_rcc.o(.rrx_text), (6 bytes).
    Removing stm32l1xx_ll_rcc.o(i.LL_RCC_DeInit), (192 bytes).
    Removing stm32l1xx_ll_rcc.o(i.LL_RCC_GetSystemClocksFreq), (36 bytes).
    Removing stm32l1xx_ll_rcc.o(i.RCC_GetHCLKClockFreq), (32 bytes).
    Removing stm32l1xx_ll_rcc.o(i.RCC_GetPCLK1ClockFreq), (36 bytes).
    Removing stm32l1xx_ll_rcc.o(i.RCC_GetPCLK2ClockFreq), (36 bytes).
    Removing stm32l1xx_ll_rcc.o(i.RCC_GetSystemClockFreq), (136 bytes).
    Removing stm32l1xx_ll_rcc.o(i.RCC_PLL_GetFreqDomain_SYS), (120 bytes).
    Removing stm32l1xx_ll_utils.o(.rev16_text), (4 bytes).
    Removing stm32l1xx_ll_utils.o(.revsh_text), (4 bytes).
    Removing stm32l1xx_ll_utils.o(.rrx_text), (6 bytes).
    Removing stm32l1xx_ll_utils.o(i.LL_PLL_ConfigSystemClock_HSE), (152 bytes).
    Removing stm32l1xx_ll_utils.o(i.LL_PLL_ConfigSystemClock_HSI), (104 bytes).
    Removing stm32l1xx_ll_utils.o(i.LL_RCC_HSE_IsReady), (16 bytes).
    Removing stm32l1xx_ll_utils.o(i.LL_RCC_HSI_IsReady), (16 bytes).
    Removing stm32l1xx_ll_utils.o(i.LL_RCC_PLL_ConfigDomain_SYS), (28 bytes).
    Removing stm32l1xx_ll_utils.o(i.LL_RCC_PLL_IsReady), (16 bytes).
    Removing stm32l1xx_ll_utils.o(i.UTILS_EnablePLLAndSwitchSystem), (212 bytes).
    Removing stm32l1xx_ll_utils.o(i.UTILS_GetPLLOutputFrequency), (60 bytes).
    Removing stm32l1xx_ll_utils.o(i.UTILS_PLL_IsBusy), (16 bytes).
    Removing stm32l1xx_ll_utils.o(i.UTILS_SetFlashLatency), (152 bytes).
    Removing stm32l1xx_ll_gpio.o(.rev16_text), (4 bytes).
    Removing stm32l1xx_ll_gpio.o(.revsh_text), (4 bytes).
    Removing stm32l1xx_ll_gpio.o(.rrx_text), (6 bytes).
    Removing stm32l1xx_ll_gpio.o(i.LL_AHB1_GRP1_ForceReset), (16 bytes).
    Removing stm32l1xx_ll_gpio.o(i.LL_AHB1_GRP1_ReleaseReset), (16 bytes).
    Removing stm32l1xx_ll_gpio.o(i.LL_GPIO_DeInit), (156 bytes).
    Removing stm32l1xx_ll_gpio.o(i.LL_GPIO_StructInit), (22 bytes).
    Removing stm32l1xx_ll_tim.o(.rev16_text), (4 bytes).
    Removing stm32l1xx_ll_tim.o(.revsh_text), (4 bytes).
    Removing stm32l1xx_ll_tim.o(.rrx_text), (6 bytes).
    Removing stm32l1xx_ll_tim.o(i.IC1Config), (52 bytes).
    Removing stm32l1xx_ll_tim.o(i.IC2Config), (56 bytes).
    Removing stm32l1xx_ll_tim.o(i.IC3Config), (58 bytes).
    Removing stm32l1xx_ll_tim.o(i.IC4Config), (58 bytes).
    Removing stm32l1xx_ll_tim.o(i.LL_APB1_GRP1_ForceReset), (16 bytes).
    Removing stm32l1xx_ll_tim.o(i.LL_APB1_GRP1_ReleaseReset), (16 bytes).
    Removing stm32l1xx_ll_tim.o(i.LL_APB2_GRP1_ForceReset), (16 bytes).
    Removing stm32l1xx_ll_tim.o(i.LL_APB2_GRP1_ReleaseReset), (16 bytes).
    Removing stm32l1xx_ll_tim.o(i.LL_TIM_DeInit), (200 bytes).
    Removing stm32l1xx_ll_tim.o(i.LL_TIM_ENCODER_Init), (104 bytes).
    Removing stm32l1xx_ll_tim.o(i.LL_TIM_ENCODER_StructInit), (36 bytes).
    Removing stm32l1xx_ll_tim.o(i.LL_TIM_IC_Init), (92 bytes).
    Removing stm32l1xx_ll_tim.o(i.LL_TIM_IC_StructInit), (18 bytes).
    Removing stm32l1xx_ll_tim.o(i.LL_TIM_Init), (132 bytes).
    Removing stm32l1xx_ll_tim.o(i.LL_TIM_OC_Init), (92 bytes).
    Removing stm32l1xx_ll_tim.o(i.LL_TIM_OC_StructInit), (12 bytes).
    Removing stm32l1xx_ll_tim.o(i.LL_TIM_StructInit), (16 bytes).
    Removing stm32l1xx_ll_tim.o(i.OC1Config), (74 bytes).
    Removing stm32l1xx_ll_tim.o(i.OC2Config), (74 bytes).
    Removing stm32l1xx_ll_tim.o(i.OC3Config), (74 bytes).
    Removing stm32l1xx_ll_tim.o(i.OC4Config), (74 bytes).
    Removing stm32l1xx_ll_tim.o(.constdata), (28 bytes).
    Removing dwt_delay.o(.rev16_text), (4 bytes).
    Removing dwt_delay.o(.revsh_text), (4 bytes).
    Removing dwt_delay.o(.rrx_text), (6 bytes).
    Removing dwt_delay.o(i.DWT_Delay), (48 bytes).
    Removing dwt_delay.o(i.DWT_Init), (48 bytes).
    Removing rtx_conf_cm.o(.rev16_text), (4 bytes).
    Removing rtx_conf_cm.o(.revsh_text), (4 bytes).
    Removing rtx_conf_cm.o(.rrx_text), (6 bytes).
    Removing rtx_conf_cm.o(i.__user_perthread_libspace), (36 bytes).
    Removing rtx_conf_cm.o(i._mutex_initialize), (44 bytes).
    Removing rtx_conf_cm.o(i.os_idle_demon), (4 bytes).
    Removing rt_task.o(i.rt_init_context), (76 bytes).
    Removing rt_task.o(i.rt_sys_init), (340 bytes).
    Removing rt_task.o(i.rt_tsk_create), (144 bytes).
    Removing rt_task.o(i.rt_tsk_delete), (364 bytes).
    Removing rt_task.o(i.rt_tsk_pass), (48 bytes).
    Removing rt_task.o(i.rt_tsk_prio), (140 bytes).
    Removing rt_task.o(.bss), (56 bytes).
    Removing rt_mutex.o(i.rt_mut_init), (16 bytes).
    Removing rt_system.o(.emb_text), (0 bytes).
    Removing rt_system.o(i.os_tick_init), (40 bytes).
    Removing rt_system.o(i.rt_psh_req), (32 bytes).
    Removing rt_system.o(i.rt_resume), (176 bytes).
    Removing rt_system.o(i.rt_suspend), (44 bytes).
    Removing rt_system.o(i.rt_tsk_lock), (80 bytes).
    Removing rt_system.o(i.rt_tsk_unlock), (80 bytes).
    Removing rt_system.o(.data), (8 bytes).
    Removing rt_list.o(i.rt_get_same_rdy_prio), (36 bytes).
    Removing rt_list.o(i.rt_psq_enq), (92 bytes).
    Removing rt_robin.o(i.rt_init_robin), (24 bytes).
    Removing rt_membox.o(i._calloc_box), (30 bytes).
    Removing rt_membox.o(i._init_box), (70 bytes).
    Removing hal_cm3.o(i.dbg_init), (48 bytes).
    Removing hal_cm3.o(i.dbg_task_notify), (32 bytes).
    Removing hal_cm3.o(i.rt_init_stack), (80 bytes).
    Removing rt_event.o(i.isr_evt_set), (40 bytes).
    Removing rt_event.o(i.rt_evt_clr), (28 bytes).
    Removing rt_event.o(i.rt_evt_get), (12 bytes).
    Removing rt_event.o(i.rt_evt_set), (96 bytes).
    Removing rt_event.o(i.rt_evt_wait), (60 bytes).
    Removing rt_mailbox.o(i.isr_mbx_receive), (86 bytes).
    Removing rt_mailbox.o(i.isr_mbx_send), (14 bytes).
    Removing rt_mailbox.o(i.rt_mbx_check), (8 bytes).
    Removing rt_mailbox.o(i.rt_mbx_init), (24 bytes).
    Removing rt_mailbox.o(i.rt_mbx_send), (164 bytes).
    Removing rt_mailbox.o(i.rt_mbx_wait), (188 bytes).
    Removing rt_semaphore.o(i.isr_sem_send), (16 bytes).
    Removing rt_semaphore.o(i.rt_sem_init), (12 bytes).
    Removing rt_semaphore.o(i.rt_sem_send), (56 bytes).
    Removing rt_semaphore.o(i.rt_sem_wait), (64 bytes).
    Removing rt_time.o(i.rt_dly_wait), (6 bytes).
    Removing rt_time.o(i.rt_itv_set), (24 bytes).
    Removing rt_time.o(i.rt_itv_wait), (40 bytes).
    Removing rt_time.o(i.rt_time_get), (12 bytes).
    Removing rt_timer.o(i.rt_tmr_create), (80 bytes).
    Removing rt_timer.o(i.rt_tmr_kill), (52 bytes).

158 unused section(s) (total 10193 bytes) removed from the image.

==============================================================================

Image Symbol Table

    Local Symbols

    Symbol Name                              Value     Ov Type        Size  Object(Section)

    ../clib/angel/boardlib.s                 0x00000000   Number         0  boardinit3.o ABSOLUTE
    ../clib/angel/boardlib.s                 0x00000000   Number         0  boardshut.o ABSOLUTE
    ../clib/angel/boardlib.s                 0x00000000   Number         0  boardinit1.o ABSOLUTE
    ../clib/angel/boardlib.s                 0x00000000   Number         0  boardinit2.o ABSOLUTE
    ../clib/angel/handlers.s                 0x00000000   Number         0  __scatter_copy.o ABSOLUTE
    ../clib/angel/handlers.s                 0x00000000   Number         0  __scatter_zi.o ABSOLUTE
    ../clib/angel/kernel.s                   0x00000000   Number         0  __rtentry.o ABSOLUTE
    ../clib/angel/kernel.s                   0x00000000   Number         0  rtexit2.o ABSOLUTE
    ../clib/angel/kernel.s                   0x00000000   Number         0  rtexit.o ABSOLUTE
    ../clib/angel/kernel.s                   0x00000000   Number         0  __rtentry4.o ABSOLUTE
    ../clib/angel/kernel.s                   0x00000000   Number         0  __rtentry2.o ABSOLUTE
    ../clib/angel/rt.s                       0x00000000   Number         0  rt_raise.o ABSOLUTE
    ../clib/angel/scatter.s                  0x00000000   Number         0  __scatter.o ABSOLUTE
    ../clib/angel/startup.s                  0x00000000   Number         0  __main.o ABSOLUTE
    ../clib/angel/sys.s                      0x00000000   Number         0  indicate_semi.o ABSOLUTE
    ../clib/angel/sys.s                      0x00000000   Number         0  use_no_semi.o ABSOLUTE
    ../clib/angel/sys.s                      0x00000000   Number         0  libspace.o ABSOLUTE
    ../clib/angel/sys.s                      0x00000000   Number         0  sys_stackheap_outer.o ABSOLUTE
    ../clib/angel/sysapp.c                   0x00000000   Number         0  sys_wrch.o ABSOLUTE
    ../clib/angel/sysapp.c                   0x00000000   Number         0  sys_command.o ABSOLUTE
    ../clib/angel/sysapp.c                   0x00000000   Number         0  sys_exit.o ABSOLUTE
    ../clib/armsys.c                         0x00000000   Number         0  no_argv.o ABSOLUTE
    ../clib/armsys.c                         0x00000000   Number         0  _get_argv_nomalloc.o ABSOLUTE
    ../clib/armsys.c                         0x00000000   Number         0  argv_veneer.o ABSOLUTE
    ../clib/armsys.c                         0x00000000   Number         0  argv_veneer.o ABSOLUTE
    ../clib/heapalloc.c                      0x00000000   Number         0  hrguard.o ABSOLUTE
    ../clib/heapaux.c                        0x00000000   Number         0  heapauxi.o ABSOLUTE
    ../clib/libinit.s                        0x00000000   Number         0  libshutdown.o ABSOLUTE
    ../clib/libinit.s                        0x00000000   Number         0  libinit2.o ABSOLUTE
    ../clib/libinit.s                        0x00000000   Number         0  libinit.o ABSOLUTE
    ../clib/libinit.s                        0x00000000   Number         0  libshutdown2.o ABSOLUTE
    ../clib/memcpset.s                       0x00000000   Number         0  rt_memclr_w.o ABSOLUTE
    ../clib/signal.c                         0x00000000   Number         0  defsig_rtmem_inner.o ABSOLUTE
    ../clib/signal.c                         0x00000000   Number         0  defsig_general.o ABSOLUTE
    ../clib/signal.c                         0x00000000   Number         0  __raise.o ABSOLUTE
    ../clib/signal.c                         0x00000000   Number         0  defsig_rtmem_formal.o ABSOLUTE
    ../clib/signal.c                         0x00000000   Number         0  defsig_abrt_inner.o ABSOLUTE
    ../clib/signal.c                         0x00000000   Number         0  defsig_fpe_inner.o ABSOLUTE
    ../clib/signal.c                         0x00000000   Number         0  defsig_rtred_inner.o ABSOLUTE
    ../clib/signal.c                         0x00000000   Number         0  defsig_exit.o ABSOLUTE
    ../clib/signal.c                         0x00000000   Number         0  defsig_pvfn_inner.o ABSOLUTE
    ../clib/signal.c                         0x00000000   Number         0  defsig_stak_inner.o ABSOLUTE
    ../clib/signal.c                         0x00000000   Number         0  defsig_cppl_inner.o ABSOLUTE
    ../clib/signal.c                         0x00000000   Number         0  defsig_segv_inner.o ABSOLUTE
    ../clib/signal.c                         0x00000000   Number         0  defsig_other.o ABSOLUTE
    ../clib/signal.c                         0x00000000   Number         0  defsig_rtmem_outer.o ABSOLUTE
    ../clib/signal.s                         0x00000000   Number         0  defsig.o ABSOLUTE
    ../clib/stdlib.c                         0x00000000   Number         0  exit.o ABSOLUTE
    ../fplib/d2f.s                           0x00000000   Number         0  d2f.o ABSOLUTE
    ../fplib/dcmpi.s                         0x00000000   Number         0  dcmpi.o ABSOLUTE
    ../fplib/ddiv.s                          0x00000000   Number         0  ddiv.o ABSOLUTE
    ../fplib/dflt.s                          0x00000000   Number         0  dflt_clz.o ABSOLUTE
    ../fplib/dleqf.s                         0x00000000   Number         0  dleqf.o ABSOLUTE
    ../fplib/dmul.s                          0x00000000   Number         0  dmul.o ABSOLUTE
    ../fplib/dnaninf.s                       0x00000000   Number         0  dnaninf.o ABSOLUTE
    ../fplib/dretinf.s                       0x00000000   Number         0  dretinf.o ABSOLUTE
    ../fplib/drleqf.s                        0x00000000   Number         0  drleqf.o ABSOLUTE
    ../fplib/f2d.s                           0x00000000   Number         0  f2d.o ABSOLUTE
    ../fplib/fdiv.s                          0x00000000   Number         0  fdiv.o ABSOLUTE
    ../fplib/fmul.s                          0x00000000   Number         0  fmul.o ABSOLUTE
    ../fplib/fnaninf.s                       0x00000000   Number         0  fnaninf.o ABSOLUTE
    ../fplib/fpinit.s                        0x00000000   Number         0  fpinit.o ABSOLUTE
    ../fplib/fretinf.s                       0x00000000   Number         0  fretinf.o ABSOLUTE
    ../fplib/usenofp.s                       0x00000000   Number         0  usenofp.o ABSOLUTE
    ..\..\Drivers\CMSIS\Device\ST\STM32L1xx\Source\Templates\arm\startup_stm32l152xb.s 0x00000000   Number         0  startup_stm32l152xb.o ABSOLUTE
    ..\..\Drivers\CMSIS\Device\ST\STM32L1xx\Source\Templates\system_stm32l1xx.c 0x00000000   Number         0  system_stm32l1xx.o ABSOLUTE
    ..\..\Drivers\STM32L1xx_HAL_Driver\Src\stm32l1xx_ll_gpio.c 0x00000000   Number         0  stm32l1xx_ll_gpio.o ABSOLUTE
    ..\..\Drivers\STM32L1xx_HAL_Driver\Src\stm32l1xx_ll_pwr.c 0x00000000   Number         0  stm32l1xx_ll_pwr.o ABSOLUTE
    ..\..\Drivers\STM32L1xx_HAL_Driver\Src\stm32l1xx_ll_rcc.c 0x00000000   Number         0  stm32l1xx_ll_rcc.o ABSOLUTE
    ..\..\Drivers\STM32L1xx_HAL_Driver\Src\stm32l1xx_ll_tim.c 0x00000000   Number         0  stm32l1xx_ll_tim.o ABSOLUTE
    ..\..\Drivers\STM32L1xx_HAL_Driver\Src\stm32l1xx_ll_utils.c 0x00000000   Number         0  stm32l1xx_ll_utils.o ABSOLUTE
    ..\..\RTX\RTX_Conf_CM.c                  0x00000000   Number         0  rtx_conf_cm.o ABSOLUTE
    ..\\..\\Drivers\\CMSIS\\Device\\ST\\STM32L1xx\\Source\\Templates\\system_stm32l1xx.c 0x00000000   Number         0  system_stm32l1xx.o ABSOLUTE
    ..\\..\\Drivers\\STM32L1xx_HAL_Driver\\Src\\stm32l1xx_ll_gpio.c 0x00000000   Number         0  stm32l1xx_ll_gpio.o ABSOLUTE
    ..\\..\\Drivers\\STM32L1xx_HAL_Driver\\Src\\stm32l1xx_ll_pwr.c 0x00000000   Number         0  stm32l1xx_ll_pwr.o ABSOLUTE
    ..\\..\\Drivers\\STM32L1xx_HAL_Driver\\Src\\stm32l1xx_ll_rcc.c 0x00000000   Number         0  stm32l1xx_ll_rcc.o ABSOLUTE
    ..\\..\\Drivers\\STM32L1xx_HAL_Driver\\Src\\stm32l1xx_ll_tim.c 0x00000000   Number         0  stm32l1xx_ll_tim.o ABSOLUTE
    ..\\..\\Drivers\\STM32L1xx_HAL_Driver\\Src\\stm32l1xx_ll_utils.c 0x00000000   Number         0  stm32l1xx_ll_utils.o ABSOLUTE
    ..\\..\\RTX\\RTX_Conf_CM.c               0x00000000   Number         0  rtx_conf_cm.o ABSOLUTE
    ..\\src\\dwt_delay.c                     0x00000000   Number         0  dwt_delay.o ABSOLUTE
    ..\\src\\main.c                          0x00000000   Number         0  main.o ABSOLUTE
    ..\\src\\stm32l152_glass_lcd.c           0x00000000   Number         0  stm32l152_glass_lcd.o ABSOLUTE
    ..\\src\\stm32l1xx_ll_lcd.c              0x00000000   Number         0  stm32l1xx_ll_lcd.o ABSOLUTE
    ..\src\dwt_delay.c                       0x00000000   Number         0  dwt_delay.o ABSOLUTE
    ..\src\main.c                            0x00000000   Number         0  main.o ABSOLUTE
    ..\src\stm32l152_glass_lcd.c             0x00000000   Number         0  stm32l152_glass_lcd.o ABSOLUTE
    ..\src\stm32l1xx_ll_lcd.c                0x00000000   Number         0  stm32l1xx_ll_lcd.o ABSOLUTE
    SRC\CM\HAL_CM3.c                         0x00000000   Number         0  hal_cm3.o ABSOLUTE
    SRC\CM\SVC_Table.s                       0x00000000   Number         0  svc_table.o ABSOLUTE
    SRC\CM\rt_Event.c                        0x00000000   Number         0  rt_event.o ABSOLUTE
    SRC\CM\rt_List.c                         0x00000000   Number         0  rt_list.o ABSOLUTE
    SRC\CM\rt_Mailbox.c                      0x00000000   Number         0  rt_mailbox.o ABSOLUTE
    SRC\CM\rt_MemBox.c                       0x00000000   Number         0  rt_membox.o ABSOLUTE
    SRC\CM\rt_Mutex.c                        0x00000000   Number         0  rt_mutex.o ABSOLUTE
    SRC\CM\rt_Robin.c                        0x00000000   Number         0  rt_robin.o ABSOLUTE
    SRC\CM\rt_Semaphore.c                    0x00000000   Number         0  rt_semaphore.o ABSOLUTE
    SRC\CM\rt_System.c                       0x00000000   Number         0  rt_system.o ABSOLUTE
    SRC\CM\rt_Task.c                         0x00000000   Number         0  rt_task.o ABSOLUTE
    SRC\CM\rt_Time.c                         0x00000000   Number         0  rt_time.o ABSOLUTE
    SRC\CM\rt_Timer.c                        0x00000000   Number         0  rt_timer.o ABSOLUTE
    SRC\\CM\\HAL_CM3.c                       0x00000000   Number         0  hal_cm3.o ABSOLUTE
    SRC\\CM\\rt_System.c                     0x00000000   Number         0  rt_system.o ABSOLUTE
    dc.s                                     0x00000000   Number         0  dc.o ABSOLUTE
    RESET                                    0x08000000   Section      244  startup_stm32l152xb.o(RESET)
    !!!main                                  0x080000f4   Section        8  __main.o(!!!main)
    !!!scatter                               0x080000fc   Section       52  __scatter.o(!!!scatter)
    !!handler_copy                           0x08000130   Section       26  __scatter_copy.o(!!handler_copy)
    !!handler_zi                             0x0800014c   Section       28  __scatter_zi.o(!!handler_zi)
    .ARM.Collect$$libinit$$00000000          0x08000168   Section        2  libinit.o(.ARM.Collect$$libinit$$00000000)
    .ARM.Collect$$libinit$$00000002          0x0800016a   Section        0  libinit2.o(.ARM.Collect$$libinit$$00000002)
    .ARM.Collect$$libinit$$00000004          0x0800016a   Section        0  libinit2.o(.ARM.Collect$$libinit$$00000004)
    .ARM.Collect$$libinit$$0000000A          0x0800016a   Section        0  libinit2.o(.ARM.Collect$$libinit$$0000000A)
    .ARM.Collect$$libinit$$0000000C          0x0800016a   Section        0  libinit2.o(.ARM.Collect$$libinit$$0000000C)
    .ARM.Collect$$libinit$$0000000E          0x0800016a   Section        0  libinit2.o(.ARM.Collect$$libinit$$0000000E)
    .ARM.Collect$$libinit$$00000011          0x0800016a   Section        0  libinit2.o(.ARM.Collect$$libinit$$00000011)
    .ARM.Collect$$libinit$$00000013          0x0800016a   Section        0  libinit2.o(.ARM.Collect$$libinit$$00000013)
    .ARM.Collect$$libinit$$00000015          0x0800016a   Section        0  libinit2.o(.ARM.Collect$$libinit$$00000015)
    .ARM.Collect$$libinit$$00000017          0x0800016a   Section        0  libinit2.o(.ARM.Collect$$libinit$$00000017)
    .ARM.Collect$$libinit$$00000019          0x0800016a   Section        0  libinit2.o(.ARM.Collect$$libinit$$00000019)
    .ARM.Collect$$libinit$$0000001B          0x0800016a   Section        0  libinit2.o(.ARM.Collect$$libinit$$0000001B)
    .ARM.Collect$$libinit$$0000001D          0x0800016a   Section        0  libinit2.o(.ARM.Collect$$libinit$$0000001D)
    .ARM.Collect$$libinit$$0000001F          0x0800016a   Section        0  libinit2.o(.ARM.Collect$$libinit$$0000001F)
    .ARM.Collect$$libinit$$00000021          0x0800016a   Section        0  libinit2.o(.ARM.Collect$$libinit$$00000021)
    .ARM.Collect$$libinit$$00000023          0x0800016a   Section        0  libinit2.o(.ARM.Collect$$libinit$$00000023)
    .ARM.Collect$$libinit$$00000025          0x0800016a   Section        0  libinit2.o(.ARM.Collect$$libinit$$00000025)
    .ARM.Collect$$libinit$$0000002C          0x0800016a   Section        0  libinit2.o(.ARM.Collect$$libinit$$0000002C)
    .ARM.Collect$$libinit$$0000002E          0x0800016a   Section        0  libinit2.o(.ARM.Collect$$libinit$$0000002E)
    .ARM.Collect$$libinit$$00000030          0x0800016a   Section        0  libinit2.o(.ARM.Collect$$libinit$$00000030)
    .ARM.Collect$$libinit$$00000032          0x0800016a   Section        0  libinit2.o(.ARM.Collect$$libinit$$00000032)
    .ARM.Collect$$libinit$$00000033          0x0800016a   Section        2  libinit2.o(.ARM.Collect$$libinit$$00000033)
    .ARM.Collect$$libshutdown$$00000000      0x0800016c   Section        2  libshutdown.o(.ARM.Collect$$libshutdown$$00000000)
    .ARM.Collect$$libshutdown$$00000002      0x0800016e   Section        0  libshutdown2.o(.ARM.Collect$$libshutdown$$00000002)
    .ARM.Collect$$libshutdown$$00000004      0x0800016e   Section        0  libshutdown2.o(.ARM.Collect$$libshutdown$$00000004)
    .ARM.Collect$$libshutdown$$00000007      0x0800016e   Section        0  libshutdown2.o(.ARM.Collect$$libshutdown$$00000007)
    .ARM.Collect$$libshutdown$$0000000A      0x0800016e   Section        0  libshutdown2.o(.ARM.Collect$$libshutdown$$0000000A)
    .ARM.Collect$$libshutdown$$0000000C      0x0800016e   Section        0  libshutdown2.o(.ARM.Collect$$libshutdown$$0000000C)
    .ARM.Collect$$libshutdown$$0000000F      0x0800016e   Section        0  libshutdown2.o(.ARM.Collect$$libshutdown$$0000000F)
    .ARM.Collect$$libshutdown$$00000010      0x0800016e   Section        2  libshutdown2.o(.ARM.Collect$$libshutdown$$00000010)
    .ARM.Collect$$rtentry$$00000000          0x08000170   Section        0  __rtentry.o(.ARM.Collect$$rtentry$$00000000)
    .ARM.Collect$$rtentry$$00000002          0x08000170   Section        0  __rtentry2.o(.ARM.Collect$$rtentry$$00000002)
    .ARM.Collect$$rtentry$$00000004          0x08000170   Section        6  __rtentry4.o(.ARM.Collect$$rtentry$$00000004)
    .ARM.Collect$$rtentry$$00000009          0x08000176   Section        0  __rtentry2.o(.ARM.Collect$$rtentry$$00000009)
    .ARM.Collect$$rtentry$$0000000A          0x08000176   Section        4  __rtentry2.o(.ARM.Collect$$rtentry$$0000000A)
    .ARM.Collect$$rtentry$$0000000C          0x0800017a   Section        0  __rtentry2.o(.ARM.Collect$$rtentry$$0000000C)
    .ARM.Collect$$rtentry$$0000000D          0x0800017a   Section        8  __rtentry2.o(.ARM.Collect$$rtentry$$0000000D)
    .ARM.Collect$$rtexit$$00000000           0x08000182   Section        2  rtexit.o(.ARM.Collect$$rtexit$$00000000)
    .ARM.Collect$$rtexit$$00000002           0x08000184   Section        0  rtexit2.o(.ARM.Collect$$rtexit$$00000002)
    .ARM.Collect$$rtexit$$00000003           0x08000184   Section        4  rtexit2.o(.ARM.Collect$$rtexit$$00000003)
    .ARM.Collect$$rtexit$$00000004           0x08000188   Section        6  rtexit2.o(.ARM.Collect$$rtexit$$00000004)
    .emb_text                                0x08000190   Section      340  hal_cm3.o(.emb_text)
    .text                                    0x080002e4   Section       64  startup_stm32l152xb.o(.text)
    .text                                    0x08000324   Section        8  libspace.o(.text)
    .text                                    0x0800032c   Section        0  heapauxi.o(.text)
    .text                                    0x08000332   Section       74  sys_stackheap_outer.o(.text)
    .text                                    0x0800037c   Section        0  exit.o(.text)
    .text                                    0x08000390   Section        0  sys_exit.o(.text)
    .text                                    0x0800039c   Section        2  use_no_semi.o(.text)
    .text                                    0x0800039e   Section        0  indicate_semi.o(.text)
    SVC_TABLE                                0x080003a0   Section        4  svc_table.o(SVC_TABLE)
    i.Call_distance                          0x080003a4   Section        0  main.o(i.Call_distance)
    i.GPIO_Config                            0x08000534   Section        0  main.o(i.GPIO_Config)
    i.LL_AHB1_GRP1_EnableClock               0x0800063c   Section        0  main.o(i.LL_AHB1_GRP1_EnableClock)
    LL_AHB1_GRP1_EnableClock                 0x0800063d   Thumb Code    24  main.o(i.LL_AHB1_GRP1_EnableClock)
    i.LL_APB1_GRP1_EnableClock               0x08000658   Section        0  main.o(i.LL_APB1_GRP1_EnableClock)
    LL_APB1_GRP1_EnableClock                 0x08000659   Thumb Code    24  main.o(i.LL_APB1_GRP1_EnableClock)
    i.LL_GPIO_Init                           0x08000674   Section        0  stm32l1xx_ll_gpio.o(i.LL_GPIO_Init)
    i.LL_GPIO_IsInputPinSet                  0x080007b8   Section        0  main.o(i.LL_GPIO_IsInputPinSet)
    LL_GPIO_IsInputPinSet                    0x080007b9   Thumb Code    18  main.o(i.LL_GPIO_IsInputPinSet)
    i.LL_GPIO_ResetOutputPin                 0x080007ca   Section        0  main.o(i.LL_GPIO_ResetOutputPin)
    LL_GPIO_ResetOutputPin                   0x080007cb   Thumb Code     6  main.o(i.LL_GPIO_ResetOutputPin)
    i.LL_GPIO_SetOutputPin                   0x080007d0   Section        0  main.o(i.LL_GPIO_SetOutputPin)
    LL_GPIO_SetOutputPin                     0x080007d1   Thumb Code     4  main.o(i.LL_GPIO_SetOutputPin)
    i.LL_Init1msTick                         0x080007d4   Section        0  stm32l1xx_ll_utils.o(i.LL_Init1msTick)
    i.LL_RCC_HSI_IsReady                     0x080007f0   Section        0  main.o(i.LL_RCC_HSI_IsReady)
    LL_RCC_HSI_IsReady                       0x080007f1   Thumb Code    10  main.o(i.LL_RCC_HSI_IsReady)
    i.LL_SetSystemCoreClock                  0x08000800   Section        0  stm32l1xx_ll_utils.o(i.LL_SetSystemCoreClock)
    i.LL_mDelay                              0x0800080c   Section        0  stm32l1xx_ll_utils.o(i.LL_mDelay)
    i.Pass_mode                              0x08000834   Section        0  main.o(i.Pass_mode)
    i.Stop_mode                              0x08000870   Section        0  main.o(i.Stop_mode)
    i.SystemClock_Config                     0x0800088c   Section        0  main.o(i.SystemClock_Config)
    i.SystemInit                             0x080009b8   Section        0  system_stm32l1xx.o(i.SystemInit)
    i.TIMBase_Config                         0x08000a1c   Section        0  main.o(i.TIMBase_Config)
    i._mutex_acquire                         0x08000a3c   Section        0  rtx_conf_cm.o(i._mutex_acquire)
    __tagsym$$used                           0x08000a3d   Number         0  rtx_conf_cm.o(i._mutex_acquire)
    i._mutex_release                         0x08000a5c   Section        0  rtx_conf_cm.o(i._mutex_release)
    __tagsym$$used                           0x08000a5d   Number         0  rtx_conf_cm.o(i._mutex_release)
    i.countBuzzer                            0x08000a78   Section        0  main.o(i.countBuzzer)
    i.countTime                              0x08000ab8   Section        0  main.o(i.countTime)
    i.dbg_task_switch                        0x08000aec   Section        0  hal_cm3.o(i.dbg_task_switch)
    i.main                                   0x08000afc   Section        0  main.o(i.main)
    i.os_error                               0x08000b68   Section        0  rtx_conf_cm.o(i.os_error)
    i.os_tick_irqack                         0x08000b6c   Section        0  rt_system.o(i.os_tick_irqack)
    i.os_tmr_call                            0x08000b6e   Section        0  rtx_conf_cm.o(i.os_tmr_call)
    i.rt_alloc_box                           0x08000b70   Section        0  rt_membox.o(i.rt_alloc_box)
    i.rt_block                               0x08000b8c   Section        0  rt_task.o(i.rt_block)
    i.rt_chk_robin                           0x08000bc4   Section        0  rt_robin.o(i.rt_chk_robin)
    i.rt_dec_dly                             0x08000c0c   Section        0  rt_list.o(i.rt_dec_dly)
    i.rt_dispatch                            0x08000c80   Section        0  rt_task.o(i.rt_dispatch)
    i.rt_evt_psh                             0x08000cc4   Section        0  rt_event.o(i.rt_evt_psh)
    i.rt_free_box                            0x08000d10   Section        0  rt_membox.o(i.rt_free_box)
    i.rt_get_first                           0x08000d30   Section        0  rt_list.o(i.rt_get_first)
    i.rt_mbx_psh                             0x08000d58   Section        0  rt_mailbox.o(i.rt_mbx_psh)
    i.rt_mut_release                         0x08000e2c   Section        0  rt_mutex.o(i.rt_mut_release)
    i.rt_mut_wait                            0x08000f10   Section        0  rt_mutex.o(i.rt_mut_wait)
    i.rt_pop_req                             0x08000f78   Section        0  rt_system.o(i.rt_pop_req)
    i.rt_put_dly                             0x08000ff4   Section        0  rt_list.o(i.rt_put_dly)
    i.rt_put_prio                            0x0800103c   Section        0  rt_list.o(i.rt_put_prio)
    i.rt_put_rdy_first                       0x08001074   Section        0  rt_list.o(i.rt_put_rdy_first)
    i.rt_resort_prio                         0x08001088   Section        0  rt_list.o(i.rt_resort_prio)
    i.rt_rmv_dly                             0x080010bc   Section        0  rt_list.o(i.rt_rmv_dly)
    i.rt_rmv_list                            0x080010e4   Section        0  rt_list.o(i.rt_rmv_list)
    i.rt_sem_psh                             0x08001114   Section        0  rt_semaphore.o(i.rt_sem_psh)
    i.rt_stk_check                           0x08001148   Section        0  rt_system.o(i.rt_stk_check)
    i.rt_switch_req                          0x0800116c   Section        0  rt_task.o(i.rt_switch_req)
    i.rt_systick                             0x08001194   Section        0  rt_system.o(i.rt_systick)
    i.rt_tmr_tick                            0x080011d4   Section        0  rt_timer.o(i.rt_tmr_tick)
    i.rt_tsk_self                            0x08001214   Section        0  rt_task.o(i.rt_tsk_self)
    x$fpl$d2f                                0x08001224   Section       98  d2f.o(x$fpl$d2f)
    x$fpl$dcmpinf                            0x08001286   Section       24  dcmpi.o(x$fpl$dcmpinf)
    x$fpl$ddiv                               0x080012a0   Section      688  ddiv.o(x$fpl$ddiv)
    ddiv_entry                               0x080012a7   Thumb Code     0  ddiv.o(x$fpl$ddiv)
    x$fpl$dfltu                              0x08001550   Section       38  dflt_clz.o(x$fpl$dfltu)
    x$fpl$dleqf                              0x08001578   Section      120  dleqf.o(x$fpl$dleqf)
    x$fpl$dmul                               0x080015f0   Section      340  dmul.o(x$fpl$dmul)
    x$fpl$dnaninf                            0x08001744   Section      156  dnaninf.o(x$fpl$dnaninf)
    x$fpl$dretinf                            0x080017e0   Section       12  dretinf.o(x$fpl$dretinf)
    x$fpl$drleqf                             0x080017ec   Section      108  drleqf.o(x$fpl$drleqf)
    x$fpl$f2d                                0x08001858   Section       86  f2d.o(x$fpl$f2d)
    x$fpl$fdiv                               0x080018b0   Section      388  fdiv.o(x$fpl$fdiv)
    _fdiv1                                   0x080018b1   Thumb Code     0  fdiv.o(x$fpl$fdiv)
    x$fpl$fmul                               0x08001a34   Section      258  fmul.o(x$fpl$fmul)
    x$fpl$fnaninf                            0x08001b36   Section      140  fnaninf.o(x$fpl$fnaninf)
    x$fpl$fretinf                            0x08001bc2   Section       10  fretinf.o(x$fpl$fretinf)
    .constdata                               0x08001bcc   Section       40  rtx_conf_cm.o(.constdata)
    x$fpl$usenofp                            0x08001bcc   Section        0  usenofp.o(x$fpl$usenofp)
    __tagsym$$used                           0x08001be0   Number         0  rtx_conf_cm.o(.constdata)
    __tagsym$$used                           0x08001be4   Number         0  rtx_conf_cm.o(.constdata)
    .constdata                               0x08001bf4   Section        4  rt_system.o(.constdata)
    __tagsym$$used                           0x08001bf4   Number         0  rt_system.o(.constdata)
    .data                                    0x20000000   Section        4  system_stm32l1xx.o(.data)
    .data                                    0x20000004   Section       28  main.o(.data)
    .data                                    0x20000020   Section        8  rtx_conf_cm.o(.data)
    nr_mutex                                 0x20000024   Data           4  rtx_conf_cm.o(.data)
    .data                                    0x20000028   Section        8  rt_task.o(.data)
    .data                                    0x20000030   Section        8  rt_robin.o(.data)
    .data                                    0x20000038   Section        1  hal_cm3.o(.data)
    .data                                    0x2000003c   Section        4  rt_time.o(.data)
    .data                                    0x20000040   Section        8  rt_timer.o(.data)
    .bss                                     0x20000048   Section    12952  rtx_conf_cm.o(.bss)
    std_libspace                             0x20002540   Data        3360  rtx_conf_cm.o(.bss)
    std_libmutex                             0x20003260   Data         128  rtx_conf_cm.o(.bss)
    .bss                                     0x200032e0   Section       48  rt_list.o(.bss)
    .bss                                     0x20003310   Section       96  libspace.o(.bss)
    HEAP                                     0x20003370   Section      512  startup_stm32l152xb.o(HEAP)
    Heap_Mem                                 0x20003370   Data         512  startup_stm32l152xb.o(HEAP)
    STACK                                    0x20003570   Section     1024  startup_stm32l152xb.o(STACK)
    Stack_Mem                                0x20003570   Data        1024  startup_stm32l152xb.o(STACK)
    __initial_sp                             0x20003970   Data           0  startup_stm32l152xb.o(STACK)

    Global Symbols

    Symbol Name                              Value     Ov Type        Size  Object(Section)

    BuildAttributes$$THM_ISAv4$P$D$K$B$S$PE$A:L22UL41UL21$X:L11$S22US41US21$IEEE1$IW$USESV6$~STKCKD$USESV7$~SHL$OSPACE$ROPI$EBA8$UX$STANDARDLIB$REQ8$PRES8$EABIv2 0x00000000   Number         0  anon$$obj.o ABSOLUTE
    __ARM_use_no_argv                        0x00000000   Number         0  main.o ABSOLUTE
    __ARM_exceptions_init                     - Undefined Weak Reference
    __alloca_initialize                       - Undefined Weak Reference
    __arm_preinit_                            - Undefined Weak Reference
    __cpp_initialize__aeabi_                  - Undefined Weak Reference
    __cxa_finalize                            - Undefined Weak Reference
    __rt_locale                               - Undefined Weak Reference
    __sigvec_lookup                           - Undefined Weak Reference
    _atexit_init                              - Undefined Weak Reference
    _call_atexit_fns                          - Undefined Weak Reference
    _clock_init                               - Undefined Weak Reference
    _fp_trap_init                             - Undefined Weak Reference
    _fp_trap_shutdown                         - Undefined Weak Reference
    _get_lc_collate                           - Undefined Weak Reference
    _get_lc_ctype                             - Undefined Weak Reference
    _get_lc_monetary                          - Undefined Weak Reference
    _get_lc_numeric                           - Undefined Weak Reference
    _get_lc_time                              - Undefined Weak Reference
    _getenv_init                              - Undefined Weak Reference
    _handle_redirection                       - Undefined Weak Reference
    _init_alloc                               - Undefined Weak Reference
    _init_user_alloc                          - Undefined Weak Reference
    _initio                                   - Undefined Weak Reference
    _rand_init                                - Undefined Weak Reference
    _signal_finish                            - Undefined Weak Reference
    _signal_init                              - Undefined Weak Reference
    _terminate_alloc                          - Undefined Weak Reference
    _terminate_user_alloc                     - Undefined Weak Reference
    _terminateio                              - Undefined Weak Reference
    __Vectors_Size                           0x000000f4   Number         0  startup_stm32l152xb.o ABSOLUTE
    __RL_RTX_VER                             0x00000475   Number         0  rt_system.o ABSOLUTE
    __Vectors                                0x08000000   Data           4  startup_stm32l152xb.o(RESET)
    __Vectors_End                            0x080000f4   Data           0  startup_stm32l152xb.o(RESET)
    __main                                   0x080000f5   Thumb Code     8  __main.o(!!!main)
    __scatterload                            0x080000fd   Thumb Code     0  __scatter.o(!!!scatter)
    __scatterload_rt2                        0x080000fd   Thumb Code    44  __scatter.o(!!!scatter)
    __scatterload_rt2_thumb_only             0x080000fd   Thumb Code     0  __scatter.o(!!!scatter)
    __scatterload_null                       0x0800010b   Thumb Code     0  __scatter.o(!!!scatter)
    __scatterload_copy                       0x08000131   Thumb Code    26  __scatter_copy.o(!!handler_copy)
    __scatterload_zeroinit                   0x0800014d   Thumb Code    28  __scatter_zi.o(!!handler_zi)
    __rt_lib_init                            0x08000169   Thumb Code     0  libinit.o(.ARM.Collect$$libinit$$00000000)
    __rt_lib_init_alloca_1                   0x0800016b   Thumb Code     0  libinit2.o(.ARM.Collect$$libinit$$0000002E)
    __rt_lib_init_argv_1                     0x0800016b   Thumb Code     0  libinit2.o(.ARM.Collect$$libinit$$0000002C)
    __rt_lib_init_atexit_1                   0x0800016b   Thumb Code     0  libinit2.o(.ARM.Collect$$libinit$$0000001B)
    __rt_lib_init_clock_1                    0x0800016b   Thumb Code     0  libinit2.o(.ARM.Collect$$libinit$$00000021)
    __rt_lib_init_cpp_1                      0x0800016b   Thumb Code     0  libinit2.o(.ARM.Collect$$libinit$$00000032)
    __rt_lib_init_exceptions_1               0x0800016b   Thumb Code     0  libinit2.o(.ARM.Collect$$libinit$$00000030)
    __rt_lib_init_fp_1                       0x0800016b   Thumb Code     0  libinit2.o(.ARM.Collect$$libinit$$00000002)
    __rt_lib_init_fp_trap_1                  0x0800016b   Thumb Code     0  libinit2.o(.ARM.Collect$$libinit$$0000001F)
    __rt_lib_init_getenv_1                   0x0800016b   Thumb Code     0  libinit2.o(.ARM.Collect$$libinit$$00000023)
    __rt_lib_init_heap_1                     0x0800016b   Thumb Code     0  libinit2.o(.ARM.Collect$$libinit$$0000000A)
    __rt_lib_init_lc_collate_1               0x0800016b   Thumb Code     0  libinit2.o(.ARM.Collect$$libinit$$00000011)
    __rt_lib_init_lc_ctype_1                 0x0800016b   Thumb Code     0  libinit2.o(.ARM.Collect$$libinit$$00000013)
    __rt_lib_init_lc_monetary_1              0x0800016b   Thumb Code     0  libinit2.o(.ARM.Collect$$libinit$$00000015)
    __rt_lib_init_lc_numeric_1               0x0800016b   Thumb Code     0  libinit2.o(.ARM.Collect$$libinit$$00000017)
    __rt_lib_init_lc_time_1                  0x0800016b   Thumb Code     0  libinit2.o(.ARM.Collect$$libinit$$00000019)
    __rt_lib_init_preinit_1                  0x0800016b   Thumb Code     0  libinit2.o(.ARM.Collect$$libinit$$00000004)
    __rt_lib_init_rand_1                     0x0800016b   Thumb Code     0  libinit2.o(.ARM.Collect$$libinit$$0000000E)
    __rt_lib_init_return                     0x0800016b   Thumb Code     0  libinit2.o(.ARM.Collect$$libinit$$00000033)
    __rt_lib_init_signal_1                   0x0800016b   Thumb Code     0  libinit2.o(.ARM.Collect$$libinit$$0000001D)
    __rt_lib_init_stdio_1                    0x0800016b   Thumb Code     0  libinit2.o(.ARM.Collect$$libinit$$00000025)
    __rt_lib_init_user_alloc_1               0x0800016b   Thumb Code     0  libinit2.o(.ARM.Collect$$libinit$$0000000C)
    __rt_lib_shutdown                        0x0800016d   Thumb Code     0  libshutdown.o(.ARM.Collect$$libshutdown$$00000000)
    __rt_lib_shutdown_cpp_1                  0x0800016f   Thumb Code     0  libshutdown2.o(.ARM.Collect$$libshutdown$$00000002)
    __rt_lib_shutdown_fp_trap_1              0x0800016f   Thumb Code     0  libshutdown2.o(.ARM.Collect$$libshutdown$$00000007)
    __rt_lib_shutdown_heap_1                 0x0800016f   Thumb Code     0  libshutdown2.o(.ARM.Collect$$libshutdown$$0000000F)
    __rt_lib_shutdown_return                 0x0800016f   Thumb Code     0  libshutdown2.o(.ARM.Collect$$libshutdown$$00000010)
    __rt_lib_shutdown_signal_1               0x0800016f   Thumb Code     0  libshutdown2.o(.ARM.Collect$$libshutdown$$0000000A)
    __rt_lib_shutdown_stdio_1                0x0800016f   Thumb Code     0  libshutdown2.o(.ARM.Collect$$libshutdown$$00000004)
    __rt_lib_shutdown_user_alloc_1           0x0800016f   Thumb Code     0  libshutdown2.o(.ARM.Collect$$libshutdown$$0000000C)
    __rt_entry                               0x08000171   Thumb Code     0  __rtentry.o(.ARM.Collect$$rtentry$$00000000)
    __rt_entry_presh_1                       0x08000171   Thumb Code     0  __rtentry2.o(.ARM.Collect$$rtentry$$00000002)
    __rt_entry_sh                            0x08000171   Thumb Code     0  __rtentry4.o(.ARM.Collect$$rtentry$$00000004)
    __rt_entry_li                            0x08000177   Thumb Code     0  __rtentry2.o(.ARM.Collect$$rtentry$$0000000A)
    __rt_entry_postsh_1                      0x08000177   Thumb Code     0  __rtentry2.o(.ARM.Collect$$rtentry$$00000009)
    __rt_entry_main                          0x0800017b   Thumb Code     0  __rtentry2.o(.ARM.Collect$$rtentry$$0000000D)
    __rt_entry_postli_1                      0x0800017b   Thumb Code     0  __rtentry2.o(.ARM.Collect$$rtentry$$0000000C)
    __rt_exit                                0x08000183   Thumb Code     0  rtexit.o(.ARM.Collect$$rtexit$$00000000)
    __rt_exit_ls                             0x08000185   Thumb Code     0  rtexit2.o(.ARM.Collect$$rtexit$$00000003)
    __rt_exit_prels_1                        0x08000185   Thumb Code     0  rtexit2.o(.ARM.Collect$$rtexit$$00000002)
    __rt_exit_exit                           0x08000189   Thumb Code     0  rtexit2.o(.ARM.Collect$$rtexit$$00000004)
    rt_set_PSP                               0x08000191   Thumb Code     6  hal_cm3.o(.emb_text)
    rt_get_PSP                               0x08000197   Thumb Code     6  hal_cm3.o(.emb_text)
    os_set_env                               0x0800019d   Thumb Code    24  hal_cm3.o(.emb_text)
    _alloc_box                               0x080001b9   Thumb Code    28  hal_cm3.o(.emb_text)
    _free_box                                0x080001d9   Thumb Code    28  hal_cm3.o(.emb_text)
    SVC_Handler                              0x080001f9   Thumb Code   124  hal_cm3.o(.emb_text)
    PendSV_Handler                           0x08000281   Thumb Code    76  hal_cm3.o(.emb_text)
    SysTick_Handler                          0x080002d1   Thumb Code     8  hal_cm3.o(.emb_text)
    OS_Tick_Handler                          0x080002d9   Thumb Code    12  hal_cm3.o(.emb_text)
    Reset_Handler                            0x080002e5   Thumb Code     8  startup_stm32l152xb.o(.text)
    NMI_Handler                              0x080002ed   Thumb Code     2  startup_stm32l152xb.o(.text)
    HardFault_Handler                        0x080002ef   Thumb Code     2  startup_stm32l152xb.o(.text)
    MemManage_Handler                        0x080002f1   Thumb Code     2  startup_stm32l152xb.o(.text)
    BusFault_Handler                         0x080002f3   Thumb Code     2  startup_stm32l152xb.o(.text)
    UsageFault_Handler                       0x080002f5   Thumb Code     2  startup_stm32l152xb.o(.text)
    DebugMon_Handler                         0x080002f9   Thumb Code     2  startup_stm32l152xb.o(.text)
    ADC1_IRQHandler                          0x080002ff   Thumb Code     0  startup_stm32l152xb.o(.text)
    COMP_IRQHandler                          0x080002ff   Thumb Code     0  startup_stm32l152xb.o(.text)
    DAC_IRQHandler                           0x080002ff   Thumb Code     0  startup_stm32l152xb.o(.text)
    DMA1_Channel1_IRQHandler                 0x080002ff   Thumb Code     0  startup_stm32l152xb.o(.text)
    DMA1_Channel2_IRQHandler                 0x080002ff   Thumb Code     0  startup_stm32l152xb.o(.text)
    DMA1_Channel3_IRQHandler                 0x080002ff   Thumb Code     0  startup_stm32l152xb.o(.text)
    DMA1_Channel4_IRQHandler                 0x080002ff   Thumb Code     0  startup_stm32l152xb.o(.text)
    DMA1_Channel5_IRQHandler                 0x080002ff   Thumb Code     0  startup_stm32l152xb.o(.text)
    DMA1_Channel6_IRQHandler                 0x080002ff   Thumb Code     0  startup_stm32l152xb.o(.text)
    DMA1_Channel7_IRQHandler                 0x080002ff   Thumb Code     0  startup_stm32l152xb.o(.text)
    EXTI0_IRQHandler                         0x080002ff   Thumb Code     0  startup_stm32l152xb.o(.text)
    EXTI15_10_IRQHandler                     0x080002ff   Thumb Code     0  startup_stm32l152xb.o(.text)
    EXTI1_IRQHandler                         0x080002ff   Thumb Code     0  startup_stm32l152xb.o(.text)
    EXTI2_IRQHandler                         0x080002ff   Thumb Code     0  startup_stm32l152xb.o(.text)
    EXTI3_IRQHandler                         0x080002ff   Thumb Code     0  startup_stm32l152xb.o(.text)
    EXTI4_IRQHandler                         0x080002ff   Thumb Code     0  startup_stm32l152xb.o(.text)
    EXTI9_5_IRQHandler                       0x080002ff   Thumb Code     0  startup_stm32l152xb.o(.text)
    FLASH_IRQHandler                         0x080002ff   Thumb Code     0  startup_stm32l152xb.o(.text)
    I2C1_ER_IRQHandler                       0x080002ff   Thumb Code     0  startup_stm32l152xb.o(.text)
    I2C1_EV_IRQHandler                       0x080002ff   Thumb Code     0  startup_stm32l152xb.o(.text)
    I2C2_ER_IRQHandler                       0x080002ff   Thumb Code     0  startup_stm32l152xb.o(.text)
    I2C2_EV_IRQHandler                       0x080002ff   Thumb Code     0  startup_stm32l152xb.o(.text)
    LCD_IRQHandler                           0x080002ff   Thumb Code     0  startup_stm32l152xb.o(.text)
    PVD_IRQHandler                           0x080002ff   Thumb Code     0  startup_stm32l152xb.o(.text)
    RCC_IRQHandler                           0x080002ff   Thumb Code     0  startup_stm32l152xb.o(.text)
    RTC_Alarm_IRQHandler                     0x080002ff   Thumb Code     0  startup_stm32l152xb.o(.text)
    RTC_WKUP_IRQHandler                      0x080002ff   Thumb Code     0  startup_stm32l152xb.o(.text)
    SPI1_IRQHandler                          0x080002ff   Thumb Code     0  startup_stm32l152xb.o(.text)
    SPI2_IRQHandler                          0x080002ff   Thumb Code     0  startup_stm32l152xb.o(.text)
    TAMPER_STAMP_IRQHandler                  0x080002ff   Thumb Code     0  startup_stm32l152xb.o(.text)
    TIM10_IRQHandler                         0x080002ff   Thumb Code     0  startup_stm32l152xb.o(.text)
    TIM11_IRQHandler                         0x080002ff   Thumb Code     0  startup_stm32l152xb.o(.text)
    TIM2_IRQHandler                          0x080002ff   Thumb Code     0  startup_stm32l152xb.o(.text)
    TIM3_IRQHandler                          0x080002ff   Thumb Code     0  startup_stm32l152xb.o(.text)
    TIM4_IRQHandler                          0x080002ff   Thumb Code     0  startup_stm32l152xb.o(.text)
    TIM6_IRQHandler                          0x080002ff   Thumb Code     0  startup_stm32l152xb.o(.text)
    TIM7_IRQHandler                          0x080002ff   Thumb Code     0  startup_stm32l152xb.o(.text)
    TIM9_IRQHandler                          0x080002ff   Thumb Code     0  startup_stm32l152xb.o(.text)
    USART1_IRQHandler                        0x080002ff   Thumb Code     0  startup_stm32l152xb.o(.text)
    USART2_IRQHandler                        0x080002ff   Thumb Code     0  startup_stm32l152xb.o(.text)
    USART3_IRQHandler                        0x080002ff   Thumb Code     0  startup_stm32l152xb.o(.text)
    USB_FS_WKUP_IRQHandler                   0x080002ff   Thumb Code     0  startup_stm32l152xb.o(.text)
    USB_HP_IRQHandler                        0x080002ff   Thumb Code     0  startup_stm32l152xb.o(.text)
    USB_LP_IRQHandler                        0x080002ff   Thumb Code     0  startup_stm32l152xb.o(.text)
    WWDG_IRQHandler                          0x080002ff   Thumb Code     0  startup_stm32l152xb.o(.text)
    __user_initial_stackheap                 0x08000301   Thumb Code     0  startup_stm32l152xb.o(.text)
    __user_libspace                          0x08000325   Thumb Code     8  libspace.o(.text)
    __user_perproc_libspace                  0x08000325   Thumb Code     0  libspace.o(.text)
    __use_two_region_memory                  0x0800032d   Thumb Code     2  heapauxi.o(.text)
    __rt_heap_escrow$2region                 0x0800032f   Thumb Code     2  heapauxi.o(.text)
    __rt_heap_expand$2region                 0x08000331   Thumb Code     2  heapauxi.o(.text)
    __user_setup_stackheap                   0x08000333   Thumb Code    74  sys_stackheap_outer.o(.text)
    exit                                     0x0800037d   Thumb Code    18  exit.o(.text)
    _sys_exit                                0x08000391   Thumb Code     8  sys_exit.o(.text)
    __I$use$semihosting                      0x0800039d   Thumb Code     0  use_no_semi.o(.text)
    __use_no_semihosting_swi                 0x0800039d   Thumb Code     2  use_no_semi.o(.text)
    __semihosting_library_function           0x0800039f   Thumb Code     0  indicate_semi.o(.text)
    SVC_Count                                0x080003a0   Data           4  svc_table.o(SVC_TABLE)
    Call_distance                            0x080003a5   Thumb Code   348  main.o(i.Call_distance)
    SVC_Table                                0x080003a4   Data           0  svc_table.o(SVC_TABLE)
    GPIO_Config                              0x08000535   Thumb Code   254  main.o(i.GPIO_Config)
    LL_GPIO_Init                             0x08000675   Thumb Code   324  stm32l1xx_ll_gpio.o(i.LL_GPIO_Init)
    LL_Init1msTick                           0x080007d5   Thumb Code    28  stm32l1xx_ll_utils.o(i.LL_Init1msTick)
    LL_SetSystemCoreClock                    0x08000801   Thumb Code     6  stm32l1xx_ll_utils.o(i.LL_SetSystemCoreClock)
    LL_mDelay                                0x0800080d   Thumb Code    40  stm32l1xx_ll_utils.o(i.LL_mDelay)
    Pass_mode                                0x08000835   Thumb Code    56  main.o(i.Pass_mode)
    Stop_mode                                0x08000871   Thumb Code    20  main.o(i.Stop_mode)
    SystemClock_Config                       0x0800088d   Thumb Code   282  main.o(i.SystemClock_Config)
    SystemInit                               0x080009b9   Thumb Code    82  system_stm32l1xx.o(i.SystemInit)
    TIMBase_Config                           0x08000a1d   Thumb Code    30  main.o(i.TIMBase_Config)
    _mutex_acquire                           0x08000a3d   Thumb Code    26  rtx_conf_cm.o(i._mutex_acquire)
    _mutex_release                           0x08000a5d   Thumb Code    22  rtx_conf_cm.o(i._mutex_release)
    countBuzzer                              0x08000a79   Thumb Code    54  main.o(i.countBuzzer)
    countTime                                0x08000ab9   Thumb Code    46  main.o(i.countTime)
    dbg_task_switch                          0x08000aed   Thumb Code    16  hal_cm3.o(i.dbg_task_switch)
    main                                     0x08000afd   Thumb Code    86  main.o(i.main)
    os_error                                 0x08000b69   Thumb Code     4  rtx_conf_cm.o(i.os_error)
    os_tick_irqack                           0x08000b6d   Thumb Code     2  rt_system.o(i.os_tick_irqack)
    os_tmr_call                              0x08000b6f   Thumb Code     2  rtx_conf_cm.o(i.os_tmr_call)
    rt_alloc_box                             0x08000b71   Thumb Code    26  rt_membox.o(i.rt_alloc_box)
    rt_block                                 0x08000b8d   Thumb Code    48  rt_task.o(i.rt_block)
    rt_chk_robin                             0x08000bc5   Thumb Code    60  rt_robin.o(i.rt_chk_robin)
    rt_dec_dly                               0x08000c0d   Thumb Code   106  rt_list.o(i.rt_dec_dly)
    rt_dispatch                              0x08000c81   Thumb Code    60  rt_task.o(i.rt_dispatch)
    rt_evt_psh                               0x08000cc5   Thumb Code    72  rt_event.o(i.rt_evt_psh)
    rt_free_box                              0x08000d11   Thumb Code    32  rt_membox.o(i.rt_free_box)
    rt_get_first                             0x08000d31   Thumb Code    40  rt_list.o(i.rt_get_first)
    rt_mbx_psh                               0x08000d59   Thumb Code   206  rt_mailbox.o(i.rt_mbx_psh)
    rt_mut_release                           0x08000e2d   Thumb Code   220  rt_mutex.o(i.rt_mut_release)
    rt_mut_wait                              0x08000f11   Thumb Code   100  rt_mutex.o(i.rt_mut_wait)
    rt_pop_req                               0x08000f79   Thumb Code   112  rt_system.o(i.rt_pop_req)
    rt_put_dly                               0x08000ff5   Thumb Code    68  rt_list.o(i.rt_put_dly)
    rt_put_prio                              0x0800103d   Thumb Code    54  rt_list.o(i.rt_put_prio)
    rt_put_rdy_first                         0x08001075   Thumb Code    14  rt_list.o(i.rt_put_rdy_first)
    rt_resort_prio                           0x08001089   Thumb Code    46  rt_list.o(i.rt_resort_prio)
    rt_rmv_dly                               0x080010bd   Thumb Code    40  rt_list.o(i.rt_rmv_dly)
    rt_rmv_list                              0x080010e5   Thumb Code    44  rt_list.o(i.rt_rmv_list)
    rt_sem_psh                               0x08001115   Thumb Code    46  rt_semaphore.o(i.rt_sem_psh)
    rt_stk_check                             0x08001149   Thumb Code    28  rt_system.o(i.rt_stk_check)
    rt_switch_req                            0x0800116d   Thumb Code    30  rt_task.o(i.rt_switch_req)
    rt_systick                               0x08001195   Thumb Code    50  rt_system.o(i.rt_systick)
    rt_tmr_tick                              0x080011d5   Thumb Code    56  rt_timer.o(i.rt_tmr_tick)
    rt_tsk_self                              0x08001215   Thumb Code    12  rt_task.o(i.rt_tsk_self)
    __aeabi_d2f                              0x08001225   Thumb Code     0  d2f.o(x$fpl$d2f)
    _d2f                                     0x08001225   Thumb Code    98  d2f.o(x$fpl$d2f)
    __fpl_dcmp_Inf                           0x08001287   Thumb Code    24  dcmpi.o(x$fpl$dcmpinf)
    __aeabi_ddiv                             0x080012a1   Thumb Code     0  ddiv.o(x$fpl$ddiv)
    _ddiv                                    0x080012a1   Thumb Code   552  ddiv.o(x$fpl$ddiv)
    __aeabi_ui2d                             0x08001551   Thumb Code     0  dflt_clz.o(x$fpl$dfltu)
    _dfltu                                   0x08001551   Thumb Code    38  dflt_clz.o(x$fpl$dfltu)
    __aeabi_cdcmple                          0x08001579   Thumb Code     0  dleqf.o(x$fpl$dleqf)
    _dcmple                                  0x08001579   Thumb Code   120  dleqf.o(x$fpl$dleqf)
    __fpl_dcmple_InfNaN                      0x080015db   Thumb Code     0  dleqf.o(x$fpl$dleqf)
    __aeabi_dmul                             0x080015f1   Thumb Code     0  dmul.o(x$fpl$dmul)
    _dmul                                    0x080015f1   Thumb Code   332  dmul.o(x$fpl$dmul)
    __fpl_dnaninf                            0x08001745   Thumb Code   156  dnaninf.o(x$fpl$dnaninf)
    __fpl_dretinf                            0x080017e1   Thumb Code    12  dretinf.o(x$fpl$dretinf)
    __aeabi_cdrcmple                         0x080017ed   Thumb Code     0  drleqf.o(x$fpl$drleqf)
    _drcmple                                 0x080017ed   Thumb Code   108  drleqf.o(x$fpl$drleqf)
    __aeabi_f2d                              0x08001859   Thumb Code     0  f2d.o(x$fpl$f2d)
    _f2d                                     0x08001859   Thumb Code    86  f2d.o(x$fpl$f2d)
    __aeabi_fdiv                             0x080018b1   Thumb Code     0  fdiv.o(x$fpl$fdiv)
    _fdiv                                    0x080018b1   Thumb Code   384  fdiv.o(x$fpl$fdiv)
    __aeabi_fmul                             0x08001a35   Thumb Code     0  fmul.o(x$fpl$fmul)
    _fmul                                    0x08001a35   Thumb Code   258  fmul.o(x$fpl$fmul)
    __fpl_fnaninf                            0x08001b37   Thumb Code   140  fnaninf.o(x$fpl$fnaninf)
    __fpl_fretinf                            0x08001bc3   Thumb Code    10  fretinf.o(x$fpl$fretinf)
    __I$use$fp                               0x08001bcc   Number         0  usenofp.o(x$fpl$usenofp)
    os_maxtaskrun                            0x08001bcc   Data           2  rtx_conf_cm.o(.constdata)
    os_stackinfo                             0x08001bd0   Data           4  rtx_conf_cm.o(.constdata)
    os_rrobin                                0x08001bd4   Data           4  rtx_conf_cm.o(.constdata)
    os_trv                                   0x08001bd8   Data           4  rtx_conf_cm.o(.constdata)
    os_flags                                 0x08001bdc   Data           1  rtx_conf_cm.o(.constdata)
    os_clockrate                             0x08001be0   Data           4  rtx_conf_cm.o(.constdata)
    os_timernum                              0x08001be4   Data           4  rtx_conf_cm.o(.constdata)
    mp_tcb_size                              0x08001be8   Data           2  rtx_conf_cm.o(.constdata)
    mp_stk_size                              0x08001bec   Data           4  rtx_conf_cm.o(.constdata)
    os_fifo_size                             0x08001bf0   Data           1  rtx_conf_cm.o(.constdata)
    mp_tmr_size                              0x08001bf2   Data           2  rtx_conf_cm.o(.constdata)
    RL_RTX_Version                           0x08001bf4   Data           4  rt_system.o(.constdata)
    Region$$Table$$Base                      0x08001bf8   Number         0  anon$$obj.o(Region$$Table)
    Region$$Table$$Limit                     0x08001c18   Number         0  anon$$obj.o(Region$$Table)
    SystemCoreClock                          0x20000000   Data           4  system_stm32l1xx.o(.data)
    rise_timestamp                           0x20000004   Data           2  main.o(.data)
    fall_timestamp                           0x20000006   Data           2  main.o(.data)
    up_cycle                                 0x20000008   Data           2  main.o(.data)
    state                                    0x2000000a   Data           1  main.o(.data)
    period                                   0x2000000c   Data           4  main.o(.data)
    distance                                 0x20000010   Data           4  main.o(.data)
    done                                     0x20000014   Data           4  main.o(.data)
    TIM2CLK                                  0x20000018   Data           4  main.o(.data)
    PSC                                      0x2000001c   Data           4  main.o(.data)
    m_tmr                                    0x20000020   Data           4  rtx_conf_cm.o(.data)
    os_tsk                                   0x20000028   Data           8  rt_task.o(.data)
    os_robin                                 0x20000030   Data           8  rt_robin.o(.data)
    dbg_msg                                  0x20000038   Data           1  hal_cm3.o(.data)
    os_time                                  0x2000003c   Data           4  rt_time.o(.data)
    os_tmr                                   0x20000040   Data           8  rt_timer.o(.data)
    mp_tcb                                   0x20000048   Data        1972  rtx_conf_cm.o(.bss)
    mp_stk                                   0x20000800   Data        7216  rtx_conf_cm.o(.bss)
    os_fifo                                  0x20002430   Data         132  rtx_conf_cm.o(.bss)
    os_active_TCB                            0x200024b4   Data         140  rtx_conf_cm.o(.bss)
    os_rdy                                   0x200032e0   Data          24  rt_list.o(.bss)
    os_dly                                   0x200032f8   Data          24  rt_list.o(.bss)
    __libspace_start                         0x20003310   Data          96  libspace.o(.bss)
    __temporary_stack_top$libspace           0x20003370   Data           0  libspace.o(.bss)



==============================================================================

Memory Map of the image

  Image Entry point : 0x080002e5

  Load Region LR_1 (Base: 0x08000000, Size: 0x00001c60, Max: 0xffffffff, ABSOLUTE)

    Execution Region ER_RO (Exec base: 0x08000000, Load base: 0x08000000, Size: 0x00001c18, Max: 0xffffffff, ABSOLUTE)

    Exec Addr    Load Addr    Size         Type   Attr      Idx    E Section Name        Object

    0x08000000   0x08000000   0x000000f4   Data   RO           65    RESET               startup_stm32l152xb.o
    0x080000f4   0x080000f4   0x00000008   Code   RO         1483  * !!!main             c_w.l(__main.o)
    0x080000fc   0x080000fc   0x00000034   Code   RO         1674    !!!scatter          c_w.l(__scatter.o)
    0x08000130   0x08000130   0x0000001a   Code   RO         1676    !!handler_copy      c_w.l(__scatter_copy.o)
    0x0800014a   0x0800014a   0x00000002   PAD
    0x0800014c   0x0800014c   0x0000001c   Code   RO         1678    !!handler_zi        c_w.l(__scatter_zi.o)
    0x08000168   0x08000168   0x00000002   Code   RO         1547    .ARM.Collect$$libinit$$00000000  c_w.l(libinit.o)
    0x0800016a   0x0800016a   0x00000000   Code   RO         1551    .ARM.Collect$$libinit$$00000002  c_w.l(libinit2.o)
    0x0800016a   0x0800016a   0x00000000   Code   RO         1553    .ARM.Collect$$libinit$$00000004  c_w.l(libinit2.o)
    0x0800016a   0x0800016a   0x00000000   Code   RO         1556    .ARM.Collect$$libinit$$0000000A  c_w.l(libinit2.o)
    0x0800016a   0x0800016a   0x00000000   Code   RO         1558    .ARM.Collect$$libinit$$0000000C  c_w.l(libinit2.o)
    0x0800016a   0x0800016a   0x00000000   Code   RO         1560    .ARM.Collect$$libinit$$0000000E  c_w.l(libinit2.o)
    0x0800016a   0x0800016a   0x00000000   Code   RO         1563    .ARM.Collect$$libinit$$00000011  c_w.l(libinit2.o)
    0x0800016a   0x0800016a   0x00000000   Code   RO         1565    .ARM.Collect$$libinit$$00000013  c_w.l(libinit2.o)
    0x0800016a   0x0800016a   0x00000000   Code   RO         1567    .ARM.Collect$$libinit$$00000015  c_w.l(libinit2.o)
    0x0800016a   0x0800016a   0x00000000   Code   RO         1569    .ARM.Collect$$libinit$$00000017  c_w.l(libinit2.o)
    0x0800016a   0x0800016a   0x00000000   Code   RO         1571    .ARM.Collect$$libinit$$00000019  c_w.l(libinit2.o)
    0x0800016a   0x0800016a   0x00000000   Code   RO         1573    .ARM.Collect$$libinit$$0000001B  c_w.l(libinit2.o)
    0x0800016a   0x0800016a   0x00000000   Code   RO         1575    .ARM.Collect$$libinit$$0000001D  c_w.l(libinit2.o)
    0x0800016a   0x0800016a   0x00000000   Code   RO         1577    .ARM.Collect$$libinit$$0000001F  c_w.l(libinit2.o)
    0x0800016a   0x0800016a   0x00000000   Code   RO         1579    .ARM.Collect$$libinit$$00000021  c_w.l(libinit2.o)
    0x0800016a   0x0800016a   0x00000000   Code   RO         1581    .ARM.Collect$$libinit$$00000023  c_w.l(libinit2.o)
    0x0800016a   0x0800016a   0x00000000   Code   RO         1583    .ARM.Collect$$libinit$$00000025  c_w.l(libinit2.o)
    0x0800016a   0x0800016a   0x00000000   Code   RO         1587    .ARM.Collect$$libinit$$0000002C  c_w.l(libinit2.o)
    0x0800016a   0x0800016a   0x00000000   Code   RO         1589    .ARM.Collect$$libinit$$0000002E  c_w.l(libinit2.o)
    0x0800016a   0x0800016a   0x00000000   Code   RO         1591    .ARM.Collect$$libinit$$00000030  c_w.l(libinit2.o)
    0x0800016a   0x0800016a   0x00000000   Code   RO         1593    .ARM.Collect$$libinit$$00000032  c_w.l(libinit2.o)
    0x0800016a   0x0800016a   0x00000002   Code   RO         1594    .ARM.Collect$$libinit$$00000033  c_w.l(libinit2.o)
    0x0800016c   0x0800016c   0x00000002   Code   RO         1614    .ARM.Collect$$libshutdown$$00000000  c_w.l(libshutdown.o)
    0x0800016e   0x0800016e   0x00000000   Code   RO         1627    .ARM.Collect$$libshutdown$$00000002  c_w.l(libshutdown2.o)
    0x0800016e   0x0800016e   0x00000000   Code   RO         1629    .ARM.Collect$$libshutdown$$00000004  c_w.l(libshutdown2.o)
    0x0800016e   0x0800016e   0x00000000   Code   RO         1632    .ARM.Collect$$libshutdown$$00000007  c_w.l(libshutdown2.o)
    0x0800016e   0x0800016e   0x00000000   Code   RO         1635    .ARM.Collect$$libshutdown$$0000000A  c_w.l(libshutdown2.o)
    0x0800016e   0x0800016e   0x00000000   Code   RO         1637    .ARM.Collect$$libshutdown$$0000000C  c_w.l(libshutdown2.o)
    0x0800016e   0x0800016e   0x00000000   Code   RO         1640    .ARM.Collect$$libshutdown$$0000000F  c_w.l(libshutdown2.o)
    0x0800016e   0x0800016e   0x00000002   Code   RO         1641    .ARM.Collect$$libshutdown$$00000010  c_w.l(libshutdown2.o)
    0x08000170   0x08000170   0x00000000   Code   RO         1509    .ARM.Collect$$rtentry$$00000000  c_w.l(__rtentry.o)
    0x08000170   0x08000170   0x00000000   Code   RO         1522    .ARM.Collect$$rtentry$$00000002  c_w.l(__rtentry2.o)
    0x08000170   0x08000170   0x00000006   Code   RO         1534    .ARM.Collect$$rtentry$$00000004  c_w.l(__rtentry4.o)
    0x08000176   0x08000176   0x00000000   Code   RO         1524    .ARM.Collect$$rtentry$$00000009  c_w.l(__rtentry2.o)
    0x08000176   0x08000176   0x00000004   Code   RO         1525    .ARM.Collect$$rtentry$$0000000A  c_w.l(__rtentry2.o)
    0x0800017a   0x0800017a   0x00000000   Code   RO         1527    .ARM.Collect$$rtentry$$0000000C  c_w.l(__rtentry2.o)
    0x0800017a   0x0800017a   0x00000008   Code   RO         1528    .ARM.Collect$$rtentry$$0000000D  c_w.l(__rtentry2.o)
    0x08000182   0x08000182   0x00000002   Code   RO         1548    .ARM.Collect$$rtexit$$00000000  c_w.l(rtexit.o)
    0x08000184   0x08000184   0x00000000   Code   RO         1596    .ARM.Collect$$rtexit$$00000002  c_w.l(rtexit2.o)
    0x08000184   0x08000184   0x00000004   Code   RO         1597    .ARM.Collect$$rtexit$$00000003  c_w.l(rtexit2.o)
    0x08000188   0x08000188   0x00000006   Code   RO         1598    .ARM.Collect$$rtexit$$00000004  c_w.l(rtexit2.o)
    0x0800018e   0x0800018e   0x00000002   PAD
    0x08000190   0x08000190   0x00000154   Code   RO         1244    .emb_text           RTX_CM3.LIB(hal_cm3.o)
    0x080002e4   0x080002e4   0x00000040   Code   RO           66  * .text               startup_stm32l152xb.o
    0x08000324   0x08000324   0x00000008   Code   RO         1476    .text               c_w.l(libspace.o)
    0x0800032c   0x0800032c   0x00000006   Code   RO         1481    .text               c_w.l(heapauxi.o)
    0x08000332   0x08000332   0x0000004a   Code   RO         1538    .text               c_w.l(sys_stackheap_outer.o)
    0x0800037c   0x0800037c   0x00000012   Code   RO         1540    .text               c_w.l(exit.o)
    0x0800038e   0x0800038e   0x00000002   PAD
    0x08000390   0x08000390   0x0000000c   Code   RO         1606    .text               c_w.l(sys_exit.o)
    0x0800039c   0x0800039c   0x00000002   Code   RO         1617    .text               c_w.l(use_no_semi.o)
    0x0800039e   0x0800039e   0x00000000   Code   RO         1619    .text               c_w.l(indicate_semi.o)
    0x0800039e   0x0800039e   0x00000002   PAD
    0x080003a0   0x080003a0   0x00000004   Code   RO         1471    SVC_TABLE           RTX_CM3.LIB(svc_table.o)
    0x080003a4   0x080003a4   0x00000190   Code   RO           73    i.Call_distance     main.o
    0x08000534   0x08000534   0x00000108   Code   RO           74    i.GPIO_Config       main.o
    0x0800063c   0x0800063c   0x0000001c   Code   RO           75    i.LL_AHB1_GRP1_EnableClock  main.o
    0x08000658   0x08000658   0x0000001c   Code   RO           76    i.LL_APB1_GRP1_EnableClock  main.o
    0x08000674   0x08000674   0x00000144   Code   RO          604    i.LL_GPIO_Init      stm32l1xx_ll_gpio.o
    0x080007b8   0x080007b8   0x00000012   Code   RO           77    i.LL_GPIO_IsInputPinSet  main.o
    0x080007ca   0x080007ca   0x00000006   Code   RO           78    i.LL_GPIO_ResetOutputPin  main.o
    0x080007d0   0x080007d0   0x00000004   Code   RO           79    i.LL_GPIO_SetOutputPin  main.o
    0x080007d4   0x080007d4   0x0000001c   Code   RO          501    i.LL_Init1msTick    stm32l1xx_ll_utils.o
    0x080007f0   0x080007f0   0x00000010   Code   RO           80    i.LL_RCC_HSI_IsReady  main.o
    0x08000800   0x08000800   0x0000000c   Code   RO          508    i.LL_SetSystemCoreClock  stm32l1xx_ll_utils.o
    0x0800080c   0x0800080c   0x00000028   Code   RO          509    i.LL_mDelay         stm32l1xx_ll_utils.o
    0x08000834   0x08000834   0x0000003c   Code   RO           81    i.Pass_mode         main.o
    0x08000870   0x08000870   0x0000001c   Code   RO           82    i.Stop_mode         main.o
    0x0800088c   0x0800088c   0x0000012c   Code   RO           83    i.SystemClock_Config  main.o
    0x080009b8   0x080009b8   0x00000064   Code   RO            5    i.SystemInit        system_stm32l1xx.o
    0x08000a1c   0x08000a1c   0x0000001e   Code   RO           84    i.TIMBase_Config    main.o
    0x08000a3a   0x08000a3a   0x00000002   PAD
    0x08000a3c   0x08000a3c   0x00000020   Code   RO          827    i._mutex_acquire    rtx_conf_cm.o
    0x08000a5c   0x08000a5c   0x0000001c   Code   RO          829    i._mutex_release    rtx_conf_cm.o
    0x08000a78   0x08000a78   0x00000040   Code   RO           85    i.countBuzzer       main.o
    0x08000ab8   0x08000ab8   0x00000034   Code   RO           86    i.countTime         main.o
    0x08000aec   0x08000aec   0x00000010   Code   RO         1247    i.dbg_task_switch   RTX_CM3.LIB(hal_cm3.o)
    0x08000afc   0x08000afc   0x0000006c   Code   RO           87    i.main              main.o
    0x08000b68   0x08000b68   0x00000004   Code   RO          830    i.os_error          rtx_conf_cm.o
    0x08000b6c   0x08000b6c   0x00000002   Code   RO         1027    i.os_tick_irqack    RTX_CM3.LIB(rt_system.o)
    0x08000b6e   0x08000b6e   0x00000002   Code   RO          832    i.os_tmr_call       rtx_conf_cm.o
    0x08000b70   0x08000b70   0x0000001a   Code   RO         1212    i.rt_alloc_box      RTX_CM3.LIB(rt_membox.o)
    0x08000b8a   0x08000b8a   0x00000002   PAD
    0x08000b8c   0x08000b8c   0x00000038   Code   RO          898    i.rt_block          RTX_CM3.LIB(rt_task.o)
    0x08000bc4   0x08000bc4   0x00000048   Code   RO         1189    i.rt_chk_robin      RTX_CM3.LIB(rt_robin.o)
    0x08000c0c   0x08000c0c   0x00000074   Code   RO         1110    i.rt_dec_dly        RTX_CM3.LIB(rt_list.o)
    0x08000c80   0x08000c80   0x00000044   Code   RO          899    i.rt_dispatch       RTX_CM3.LIB(rt_task.o)
    0x08000cc4   0x08000cc4   0x0000004c   Code   RO         1288    i.rt_evt_psh        RTX_CM3.LIB(rt_event.o)
    0x08000d10   0x08000d10   0x00000020   Code   RO         1213    i.rt_free_box       RTX_CM3.LIB(rt_membox.o)
    0x08000d30   0x08000d30   0x00000028   Code   RO         1111    i.rt_get_first      RTX_CM3.LIB(rt_list.o)
    0x08000d58   0x08000d58   0x000000d4   Code   RO         1331    i.rt_mbx_psh        RTX_CM3.LIB(rt_mailbox.o)
    0x08000e2c   0x08000e2c   0x000000e4   Code   RO          998    i.rt_mut_release    RTX_CM3.LIB(rt_mutex.o)
    0x08000f10   0x08000f10   0x00000068   Code   RO          999    i.rt_mut_wait       RTX_CM3.LIB(rt_mutex.o)
    0x08000f78   0x08000f78   0x0000007c   Code   RO         1028    i.rt_pop_req        RTX_CM3.LIB(rt_system.o)
    0x08000ff4   0x08000ff4   0x00000048   Code   RO         1114    i.rt_put_dly        RTX_CM3.LIB(rt_list.o)
    0x0800103c   0x0800103c   0x00000036   Code   RO         1115    i.rt_put_prio       RTX_CM3.LIB(rt_list.o)
    0x08001072   0x08001072   0x00000002   PAD
    0x08001074   0x08001074   0x00000014   Code   RO         1116    i.rt_put_rdy_first  RTX_CM3.LIB(rt_list.o)
    0x08001088   0x08001088   0x00000034   Code   RO         1117    i.rt_resort_prio    RTX_CM3.LIB(rt_list.o)
    0x080010bc   0x080010bc   0x00000028   Code   RO         1118    i.rt_rmv_dly        RTX_CM3.LIB(rt_list.o)
    0x080010e4   0x080010e4   0x00000030   Code   RO         1119    i.rt_rmv_list       RTX_CM3.LIB(rt_list.o)
    0x08001114   0x08001114   0x00000034   Code   RO         1377    i.rt_sem_psh        RTX_CM3.LIB(rt_semaphore.o)
    0x08001148   0x08001148   0x00000024   Code   RO         1031    i.rt_stk_check      RTX_CM3.LIB(rt_system.o)
    0x0800116c   0x0800116c   0x00000028   Code   RO          901    i.rt_switch_req     RTX_CM3.LIB(rt_task.o)
    0x08001194   0x08001194   0x00000040   Code   RO         1033    i.rt_systick        RTX_CM3.LIB(rt_system.o)
    0x080011d4   0x080011d4   0x00000040   Code   RO         1446    i.rt_tmr_tick       RTX_CM3.LIB(rt_timer.o)
    0x08001214   0x08001214   0x00000010   Code   RO          907    i.rt_tsk_self       RTX_CM3.LIB(rt_task.o)
    0x08001224   0x08001224   0x00000062   Code   RO         1485    x$fpl$d2f           fz_ws.l(d2f.o)
    0x08001286   0x08001286   0x00000018   Code   RO         1536    x$fpl$dcmpinf       fz_ws.l(dcmpi.o)
    0x0800129e   0x0800129e   0x00000002   PAD
    0x080012a0   0x080012a0   0x000002b0   Code   RO         1488    x$fpl$ddiv          fz_ws.l(ddiv.o)
    0x08001550   0x08001550   0x00000026   Code   RO         1491    x$fpl$dfltu         fz_ws.l(dflt_clz.o)
    0x08001576   0x08001576   0x00000002   PAD
    0x08001578   0x08001578   0x00000078   Code   RO         1510    x$fpl$dleqf         fz_ws.l(dleqf.o)
    0x080015f0   0x080015f0   0x00000154   Code   RO         1497    x$fpl$dmul          fz_ws.l(dmul.o)
    0x08001744   0x08001744   0x0000009c   Code   RO         1512    x$fpl$dnaninf       fz_ws.l(dnaninf.o)
    0x080017e0   0x080017e0   0x0000000c   Code   RO         1514    x$fpl$dretinf       fz_ws.l(dretinf.o)
    0x080017ec   0x080017ec   0x0000006c   Code   RO         1499    x$fpl$drleqf        fz_ws.l(drleqf.o)
    0x08001858   0x08001858   0x00000056   Code   RO         1501    x$fpl$f2d           fz_ws.l(f2d.o)
    0x080018ae   0x080018ae   0x00000002   PAD
    0x080018b0   0x080018b0   0x00000184   Code   RO         1504    x$fpl$fdiv          fz_ws.l(fdiv.o)
    0x08001a34   0x08001a34   0x00000102   Code   RO         1507    x$fpl$fmul          fz_ws.l(fmul.o)
    0x08001b36   0x08001b36   0x0000008c   Code   RO         1516    x$fpl$fnaninf       fz_ws.l(fnaninf.o)
    0x08001bc2   0x08001bc2   0x0000000a   Code   RO         1518    x$fpl$fretinf       fz_ws.l(fretinf.o)
    0x08001bcc   0x08001bcc   0x00000000   Code   RO         1520    x$fpl$usenofp       fz_ws.l(usenofp.o)
    0x08001bcc   0x08001bcc   0x00000028   Data   RO          834    .constdata          rtx_conf_cm.o
    0x08001bf4   0x08001bf4   0x00000004   Data   RO         1036    .constdata          RTX_CM3.LIB(rt_system.o)
    0x08001bf8   0x08001bf8   0x00000020   Data   RO         1672    Region$$Table       anon$$obj.o


    Execution Region ER_RW (Exec base: 0x20000000, Load base: 0x08001c18, Size: 0x00000048, Max: 0xffffffff, ABSOLUTE)

    Exec Addr    Load Addr    Size         Type   Attr      Idx    E Section Name        Object

    0x20000000   0x08001c18   0x00000004   Data   RW            7    .data               system_stm32l1xx.o
    0x20000004   0x08001c1c   0x0000001c   Data   RW           89    .data               main.o
    0x20000020   0x08001c38   0x00000008   Data   RW          835    .data               rtx_conf_cm.o
    0x20000028   0x08001c40   0x00000008   Data   RW          909    .data               RTX_CM3.LIB(rt_task.o)
    0x20000030   0x08001c48   0x00000008   Data   RW         1191    .data               RTX_CM3.LIB(rt_robin.o)
    0x20000038   0x08001c50   0x00000001   Data   RW         1249    .data               RTX_CM3.LIB(hal_cm3.o)
    0x20000039   0x08001c51   0x00000003   PAD
    0x2000003c   0x08001c54   0x00000004   Data   RW         1415    .data               RTX_CM3.LIB(rt_time.o)
    0x20000040   0x08001c58   0x00000008   Data   RW         1447    .data               RTX_CM3.LIB(rt_timer.o)


    Execution Region ER_ZI (Exec base: 0x20000048, Load base: 0x08001c60, Size: 0x00003928, Max: 0xffffffff, ABSOLUTE)

    Exec Addr    Load Addr    Size         Type   Attr      Idx    E Section Name        Object

    0x20000048        -       0x00003298   Zero   RW          833    .bss                rtx_conf_cm.o
    0x200032e0        -       0x00000030   Zero   RW         1120    .bss                RTX_CM3.LIB(rt_list.o)
    0x20003310        -       0x00000060   Zero   RW         1477    .bss                c_w.l(libspace.o)
    0x20003370        -       0x00000200   Zero   RW           64    HEAP                startup_stm32l152xb.o
    0x20003570        -       0x00000400   Zero   RW           63    STACK               startup_stm32l152xb.o


==============================================================================

Image component sizes


      Code (inc. data)   RO Data    RW Data    ZI Data      Debug   Object Name

      1406        144          0         28          0      60665   main.o
        66         12         40          8      12952      10677   rtx_conf_cm.o
        64         26        244          0       1536        916   startup_stm32l152xb.o
       324          0          0          0          0       7419   stm32l1xx_ll_gpio.o
        80          6          0          0          0       6113   stm32l1xx_ll_utils.o
       100         18          0          4          0     270759   system_stm32l1xx.o

    ----------------------------------------------------------------------
      2042        206        316         40      14488     356549   Object Totals
         0          0         32          0          0          0   (incl. Generated)
         2          0          0          0          0          0   (incl. Padding)

    ----------------------------------------------------------------------

      Code (inc. data)   RO Data    RW Data    ZI Data      Debug   Library Member Name

       356         32          0          1          0       1328   hal_cm3.o
        76          4          0          0          0        613   rt_event.o
       442         30          0          0         48       4490   rt_list.o
       212          6          0          0          0        781   rt_mailbox.o
        58          0          0          0          0       1037   rt_membox.o
       332         12          0          0          0       1491   rt_mutex.o
        72         12          0          8          0        670   rt_robin.o
        52          6          0          0          0        537   rt_semaphore.o
       226         34          4          0          0       2596   rt_system.o
       180         30          0          8          0       4352   rt_task.o
         0          0          0          4          0        174   rt_time.o
        64          8          0          8          0        631   rt_timer.o
         4          4          0          0          0        168   svc_table.o
         8          0          0          0          0         68   __main.o
         0          0          0          0          0          0   __rtentry.o
        12          0          0          0          0          0   __rtentry2.o
         6          0          0          0          0          0   __rtentry4.o
        52          8          0          0          0          0   __scatter.o
        26          0          0          0          0          0   __scatter_copy.o
        28          0          0          0          0          0   __scatter_zi.o
        18          0          0          0          0         80   exit.o
         6          0          0          0          0        152   heapauxi.o
         0          0          0          0          0          0   indicate_semi.o
         2          0          0          0          0          0   libinit.o
         2          0          0          0          0          0   libinit2.o
         2          0          0          0          0          0   libshutdown.o
         2          0          0          0          0          0   libshutdown2.o
         8          4          0          0         96         68   libspace.o
         2          0          0          0          0          0   rtexit.o
        10          0          0          0          0          0   rtexit2.o
        12          4          0          0          0         68   sys_exit.o
        74          0          0          0          0         80   sys_stackheap_outer.o
         2          0          0          0          0         68   use_no_semi.o
        98          4          0          0          0         92   d2f.o
        24          0          0          0          0         68   dcmpi.o
       688        140          0          0          0        208   ddiv.o
        38          0          0          0          0         68   dflt_clz.o
       120          4          0          0          0         92   dleqf.o
       340         12          0          0          0        104   dmul.o
       156          4          0          0          0         92   dnaninf.o
        12          0          0          0          0         68   dretinf.o
       108          0          0          0          0         80   drleqf.o
        86          4          0          0          0         84   f2d.o
       388         76          0          0          0         96   fdiv.o
       258          4          0          0          0         84   fmul.o
       140          4          0          0          0         84   fnaninf.o
        10          0          0          0          0         68   fretinf.o
         0          0          0          0          0          0   usenofp.o

    ----------------------------------------------------------------------
      4830        446          4         32        144      20740   Library Totals
        18          0          0          3          0          0   (incl. Padding)

    ----------------------------------------------------------------------

      Code (inc. data)   RO Data    RW Data    ZI Data      Debug   Library Name

      2074        178          4         29         48      18868   RTX_CM3.LIB
       272         16          0          0         96        584   c_w.l
      2466        252          0          0          0       1288   fz_ws.l

    ----------------------------------------------------------------------
      4830        446          4         32        144      20740   Library Totals

    ----------------------------------------------------------------------

==============================================================================


      Code (inc. data)   RO Data    RW Data    ZI Data      Debug   

      6872        652        320         72      14632     374113   Grand Totals
      6872        652        320         72      14632     374113   ELF Image Totals
      6872        652        320         72          0          0   ROM Totals

==============================================================================

    Total RO  Size (Code + RO Data)                 7192 (   7.02kB)
    Total RW  Size (RW Data + ZI Data)             14704 (  14.36kB)
    Total ROM Size (Code + RO Data + RW Data)       7264 (   7.09kB)

==============================================================================

